[INFO] [1785778392.229535411] [control.cmd_vel_safety_gate]: cmd_vel safety gate ready: maneuver_in=/control/cmd_vel_raw nav2_in=/control/nav2_cmd_vel_ros out=/control/cmd_vel driver_out=/control/cmd_vel_ros
[INFO] [1785778392.334100477] [control.cmd_vel_safety_gate]: command authorization updated: source=estop:/planning/state_machine/estop state=engage=false(manual=false,mission=false),platform_drive_enable=false,platform_status_missing,control_mode=0
[INFO] [1785778498.934268093] [control.cmd_vel_safety_gate]: command authorization updated: source=estop:/planning/state_machine/estop state=engage=false(manual=false,mission=false),platform_drive_enable=false
[INFO] [1785778500.407749507] [control.cmd_vel_safety_gate]: cmd_vel STANDBY: engage=false(manual=false,mission=false), platform_drive_enable=false
[WARN] [1785778501.231457218] [control.cmd_vel_safety_gate]: cmd_vel input stale: age=0.40s timeout=0.35s; publishing zero
[WARN] [1785778511.031527470] [control.cmd_vel_safety_gate]: cmd_vel input stale: age=0.40s timeout=0.35s; publishing zero
[WARN] [1785778512.031570487] [control.cmd_vel_safety_gate]: cmd_vel input stale: age=0.37s timeout=0.35s; publishing zero
[INFO] [1785778513.252909928] [control.cmd_vel_safety_gate]: command authorization updated: source=platform_drive_enable state=engage=false(manual=false,mission=false)
[INFO] [1785778513.478997061] [control.cmd_vel_safety_gate]: command authorization updated: source=manual_engage state=enabled
[INFO] [1785778514.256519544] [control.cmd_vel_safety_gate]: command authorization updated: source=platform_drive_enable state=platform_drive_enable=false
[INFO] [1785778514.479063258] [control.cmd_vel_safety_gate]: command authorization updated: source=mission_engage state=engage=false(manual=false,mission=false),platform_drive_enable=false
[WARN] [1785778515.531640204] [control.cmd_vel_safety_gate]: cmd_vel input stale: age=0.43s timeout=0.35s; publishing zero
[WARN] [1785778516.831660288] [control.cmd_vel_safety_gate]: cmd_vel input stale: age=0.35s timeout=0.35s; publishing zero
[INFO] [1785778518.678800998] [control.cmd_vel_safety_gate]: command authorization updated: source=platform_drive_enable state=engage=false(manual=false,mission=false)
[WARN] [1785778518.731832118] [control.cmd_vel_safety_gate]: cmd_vel input stale: age=0.40s timeout=0.35s; publishing zero
[INFO] [1785778518.906892263] [control.cmd_vel_safety_gate]: command authorization updated: source=manual_engage state=enabled
[WARN] [1785778519.213747620] [control.cmd_vel_safety_gate]: cmd_vel held 2.00s after EKF localization recovery 2->0
[INFO] [1785778519.253508238] [control.cmd_vel_safety_gate]: command authorization updated: source=mission_engage state=gnss_recovery_hold=2.0s
[INFO] [1785778519.306252955] [control.cmd_vel_safety_gate]: command authorization updated: source=mission_engage state=gnss_recovery_hold=1.9s
[INFO] [1785778519.534484913] [control.cmd_vel_safety_gate]: command authorization updated: source=estop:/planning/state_machine/estop state=gnss_recovery_hold=1.7s
[INFO] [1785778519.734513818] [control.cmd_vel_safety_gate]: command authorization updated: source=estop:/planning/state_machine/estop state=gnss_recovery_hold=1.5s
[WARN] [1785778519.819599113] [control.cmd_vel_safety_gate]: cmd_vel SAFETY HOLD: gnss_recovery_hold=1.4s
[WARN] [1785778519.919393654] [control.cmd_vel_safety_gate]: cmd_vel SAFETY HOLD: gnss_recovery_hold=1.3s
[INFO] [1785778519.934485623] [control.cmd_vel_safety_gate]: command authorization updated: source=estop:/planning/state_machine/estop state=gnss_recovery_hold=1.3s
[WARN] [1785778520.019311655] [control.cmd_vel_safety_gate]: cmd_vel SAFETY HOLD: gnss_recovery_hold=1.2s
[WARN] [1785778520.119257901] [control.cmd_vel_safety_gate]: cmd_vel SAFETY HOLD: gnss_recovery_hold=1.1s
[INFO] [1785778520.134348677] [control.cmd_vel_safety_gate]: command authorization updated: source=estop:/planning/state_machine/estop state=gnss_recovery_hold=1.1s
[WARN] [1785778520.219264623] [control.cmd_vel_safety_gate]: cmd_vel SAFETY HOLD: gnss_recovery_hold=1.0s
[WARN] [1785778520.319576121] [control.cmd_vel_safety_gate]: cmd_vel SAFETY HOLD: gnss_recovery_hold=0.9s
[INFO] [1785778520.334550132] [control.cmd_vel_safety_gate]: command authorization updated: source=estop:/planning/state_machine/estop state=gnss_recovery_hold=0.9s
[WARN] [1785778520.419307677] [control.cmd_vel_safety_gate]: cmd_vel SAFETY HOLD: gnss_recovery_hold=0.8s
[WARN] [1785778520.519290968] [control.cmd_vel_safety_gate]: cmd_vel SAFETY HOLD: gnss_recovery_hold=0.7s
[INFO] [1785778520.534508563] [control.cmd_vel_safety_gate]: command authorization updated: source=estop:/planning/state_machine/estop state=gnss_recovery_hold=0.7s
[WARN] [1785778520.619365593] [control.cmd_vel_safety_gate]: cmd_vel SAFETY HOLD: gnss_recovery_hold=0.6s
[WARN] [1785778520.719396886] [control.cmd_vel_safety_gate]: cmd_vel SAFETY HOLD: gnss_recovery_hold=0.5s
[INFO] [1785778520.734619250] [control.cmd_vel_safety_gate]: command authorization updated: source=estop:/planning/state_machine/estop state=gnss_recovery_hold=0.5s
[WARN] [1785778520.819390682] [control.cmd_vel_safety_gate]: cmd_vel SAFETY HOLD: gnss_recovery_hold=0.4s
[WARN] [1785778520.920249943] [control.cmd_vel_safety_gate]: cmd_vel SAFETY HOLD: gnss_recovery_hold=0.3s
[INFO] [1785778520.934543928] [control.cmd_vel_safety_gate]: command authorization updated: source=estop:/planning/state_machine/estop state=gnss_recovery_hold=0.3s
[WARN] [1785778521.019333170] [control.cmd_vel_safety_gate]: cmd_vel SAFETY HOLD: gnss_recovery_hold=0.2s
[WARN] [1785778521.119315387] [control.cmd_vel_safety_gate]: cmd_vel SAFETY HOLD: gnss_recovery_hold=0.1s
[INFO] [1785778521.134534778] [control.cmd_vel_safety_gate]: command authorization updated: source=estop:/planning/state_machine/estop state=gnss_recovery_hold=0.1s
[WARN] [1785778521.219273892] [control.cmd_vel_safety_gate]: route safety hold activated: reason=lanelet_footprint_cost trigger=(x=0.000,y=0.240,wz=0.000)
[WARN] [1785778521.219306211] [control.cmd_vel_safety_gate]: cmd_vel cost stop: lanelet_footprint_cost
[WARN] [1785778521.290297340] [control.cmd_vel_safety_gate]: cmd_vel route safety hold: trigger=lanelet_footprint_cost latest=lanelet_footprint_cost clear=0.00s projected_recovery_candidate_only=true
[INFO] [1785778521.335291955] [control.cmd_vel_safety_gate]: command authorization updated: source=estop:/planning/state_machine/estop state=cost_hold=0.9s,route_safety_hold=lanelet_footprint_cost
[INFO] [1785778521.534393334] [control.cmd_vel_safety_gate]: command authorization updated: source=estop:/planning/state_machine/estop state=cost_hold=0.7s,route_safety_hold=lanelet_footprint_cost
[INFO] [1785778521.734425904] [control.cmd_vel_safety_gate]: command authorization updated: source=estop:/planning/state_machine/estop state=cost_hold=0.5s,route_safety_hold=lanelet_footprint_cost
[INFO] [1785778521.934351960] [control.cmd_vel_safety_gate]: command authorization updated: source=estop:/planning/state_machine/estop state=cost_hold=0.3s,route_safety_hold=lanelet_footprint_cost
[INFO] [1785778522.134515384] [control.cmd_vel_safety_gate]: command authorization updated: source=estop:/planning/state_machine/estop state=cost_hold=0.1s,route_safety_hold=lanelet_footprint_cost
[WARN] [1785778522.319298443] [control.cmd_vel_safety_gate]: cmd_vel route safety hold: trigger=lanelet_footprint_cost latest=lanelet_footprint_cost clear=0.00s projected_recovery_candidate_only=true
[INFO] [1785778522.335232718] [control.cmd_vel_safety_gate]: command authorization updated: source=estop:/planning/state_machine/estop state=route_safety_hold=lanelet_footprint_cost
[WARN] [1785778523.319315085] [control.cmd_vel_safety_gate]: cmd_vel route safety hold: trigger=lanelet_footprint_cost latest=lanelet_footprint_cost clear=0.00s projected_recovery_candidate_only=true
[WARN] [1785778524.390194909] [control.cmd_vel_safety_gate]: cmd_vel route safety hold: trigger=lanelet_footprint_cost latest=lanelet_footprint_cost clear=0.00s projected_recovery_candidate_only=true
[WARN] [1785778525.419370553] [control.cmd_vel_safety_gate]: cmd_vel route safety hold: trigger=lanelet_footprint_cost latest=lanelet_footprint_cost clear=0.00s projected_recovery_candidate_only=true
[WARN] [1785778526.419374894] [control.cmd_vel_safety_gate]: cmd_vel route safety hold: trigger=lanelet_footprint_cost latest=lanelet_footprint_cost clear=0.00s projected_recovery_candidate_only=true
[WARN] [1785778527.419403233] [control.cmd_vel_safety_gate]: cmd_vel route safety hold: trigger=lanelet_footprint_cost latest=lanelet_footprint_cost clear=0.00s projected_recovery_candidate_only=true
[WARN] [1785778528.419432079] [control.cmd_vel_safety_gate]: cmd_vel route safety hold: trigger=lanelet_footprint_cost latest=lanelet_footprint_cost clear=0.00s projected_recovery_candidate_only=true
[WARN] [1785778529.490283880] [control.cmd_vel_safety_gate]: cmd_vel route safety hold: trigger=lanelet_footprint_cost latest=lanelet_footprint_cost clear=0.00s projected_recovery_candidate_only=true
[WARN] [1785778530.490313894] [control.cmd_vel_safety_gate]: cmd_vel route safety hold: trigger=lanelet_footprint_cost latest=lanelet_footprint_cost clear=0.00s projected_recovery_candidate_only=true
[WARN] [1785778531.490402482] [control.cmd_vel_safety_gate]: cmd_vel route safety hold: trigger=lanelet_footprint_cost latest=lanelet_footprint_cost clear=0.00s projected_recovery_candidate_only=true
[WARN] [1785778532.519456045] [control.cmd_vel_safety_gate]: cmd_vel route safety hold: trigger=lanelet_footprint_cost latest=lanelet_footprint_cost clear=0.00s projected_recovery_candidate_only=true
[WARN] [1785778533.590405718] [control.cmd_vel_safety_gate]: cmd_vel route safety hold: trigger=lanelet_footprint_cost latest=lanelet_footprint_cost clear=0.00s projected_recovery_candidate_only=true
[WARN] [1785778534.590400595] [control.cmd_vel_safety_gate]: cmd_vel route safety hold: trigger=lanelet_footprint_cost latest=lanelet_footprint_cost clear=0.00s projected_recovery_candidate_only=true
[WARN] [1785778535.590403548] [control.cmd_vel_safety_gate]: cmd_vel route safety hold: trigger=lanelet_footprint_cost latest=lanelet_footprint_cost clear=0.00s projected_recovery_candidate_only=true
[WARN] [1785778536.590557762] [control.cmd_vel_safety_gate]: cmd_vel route safety hold: trigger=lanelet_footprint_cost latest=lanelet_footprint_cost clear=0.00s projected_recovery_candidate_only=true
[WARN] [1785778537.619496519] [control.cmd_vel_safety_gate]: cmd_vel route safety hold: trigger=lanelet_footprint_cost latest=lanelet_footprint_cost clear=0.00s projected_recovery_candidate_only=true
[WARN] [1785778538.690439771] [control.cmd_vel_safety_gate]: cmd_vel route safety hold: trigger=lanelet_footprint_cost latest=lanelet_footprint_cost clear=0.00s projected_recovery_candidate_only=true
[WARN] [1785778539.690444952] [control.cmd_vel_safety_gate]: cmd_vel route safety hold: trigger=lanelet_footprint_cost latest=lanelet_footprint_cost clear=0.00s projected_recovery_candidate_only=true
[WARN] [1785778540.719566614] [control.cmd_vel_safety_gate]: cmd_vel route safety hold: trigger=lanelet_footprint_cost latest=lanelet_footprint_cost clear=0.00s projected_recovery_candidate_only=true
[WARN] [1785778541.719565083] [control.cmd_vel_safety_gate]: cmd_vel route safety hold: trigger=lanelet_footprint_cost latest=lanelet_footprint_cost clear=0.00s projected_recovery_candidate_only=true
[WARN] [1785778542.719655979] [control.cmd_vel_safety_gate]: cmd_vel route safety hold: trigger=lanelet_footprint_cost latest=lanelet_footprint_cost clear=0.00s projected_recovery_candidate_only=true
[WARN] [1785778543.790546227] [control.cmd_vel_safety_gate]: cmd_vel route safety hold: trigger=lanelet_footprint_cost latest=lanelet_footprint_cost clear=0.00s projected_recovery_candidate_only=true
[WARN] [1785778544.819624499] [control.cmd_vel_safety_gate]: cmd_vel route safety hold: trigger=lanelet_footprint_cost latest=lanelet_footprint_cost clear=0.00s projected_recovery_candidate_only=true
[WARN] [1785778545.819641396] [control.cmd_vel_safety_gate]: cmd_vel route safety hold: trigger=lanelet_footprint_cost latest=lanelet_footprint_cost clear=0.00s projected_recovery_candidate_only=true
[WARN] [1785778546.819726639] [control.cmd_vel_safety_gate]: cmd_vel route safety hold: trigger=lanelet_footprint_cost latest=lanelet_footprint_cost clear=0.00s projected_recovery_candidate_only=true
[WARN] [1785778547.890671832] [control.cmd_vel_safety_gate]: cmd_vel route safety hold: trigger=lanelet_footprint_cost latest=lanelet_footprint_cost clear=0.00s projected_recovery_candidate_only=true
[WARN] [1785778548.890803386] [control.cmd_vel_safety_gate]: cmd_vel route safety hold: trigger=lanelet_footprint_cost latest=lanelet_footprint_cost clear=0.00s projected_recovery_candidate_only=true
[WARN] [1785778549.919726607] [control.cmd_vel_safety_gate]: cmd_vel route safety hold: trigger=lanelet_footprint_cost latest=lanelet_footprint_cost clear=0.00s projected_recovery_candidate_only=true
[WARN] [1785778550.919851651] [control.cmd_vel_safety_gate]: cmd_vel route safety hold: trigger=lanelet_footprint_cost latest=lanelet_footprint_cost clear=0.00s projected_recovery_candidate_only=true
[WARN] [1785778551.990762849] [control.cmd_vel_safety_gate]: cmd_vel route safety hold: trigger=lanelet_footprint_cost latest=lanelet_footprint_cost clear=0.00s projected_recovery_candidate_only=true
[WARN] [1785778552.990779651] [control.cmd_vel_safety_gate]: cmd_vel route safety hold: trigger=lanelet_footprint_cost latest=lanelet_footprint_cost clear=0.00s projected_recovery_candidate_only=true
[WARN] [1785778553.990753582] [control.cmd_vel_safety_gate]: cmd_vel route safety hold: trigger=lanelet_footprint_cost latest=lanelet_footprint_cost clear=0.00s projected_recovery_candidate_only=true
[WARN] [1785778555.090716106] [control.cmd_vel_safety_gate]: cmd_vel route safety hold: trigger=lanelet_footprint_cost latest=lanelet_footprint_cost clear=0.00s projected_recovery_candidate_only=true
[WARN] [1785778556.190651322] [control.cmd_vel_safety_gate]: cmd_vel route safety hold: trigger=lanelet_footprint_cost latest=lanelet_footprint_cost clear=0.00s projected_recovery_candidate_only=true
[WARN] [1785778557.190651107] [control.cmd_vel_safety_gate]: cmd_vel route safety hold: trigger=lanelet_footprint_cost latest=lanelet_footprint_cost clear=0.00s projected_recovery_candidate_only=true
[WARN] [1785778558.190702300] [control.cmd_vel_safety_gate]: cmd_vel route safety hold: trigger=lanelet_footprint_cost latest=lanelet_footprint_cost clear=0.00s projected_recovery_candidate_only=true
[WARN] [1785778559.190717032] [control.cmd_vel_safety_gate]: cmd_vel route safety hold: trigger=lanelet_footprint_cost latest=lanelet_footprint_cost clear=0.00s projected_recovery_candidate_only=true
[WARN] [1785778560.190738338] [control.cmd_vel_safety_gate]: cmd_vel route safety hold: trigger=lanelet_footprint_cost latest=lanelet_footprint_cost clear=0.00s projected_recovery_candidate_only=true
[WARN] [1785778561.190796903] [control.cmd_vel_safety_gate]: cmd_vel route safety hold: trigger=lanelet_footprint_cost latest=lanelet_footprint_cost clear=0.00s projected_recovery_candidate_only=true
[WARN] [1785778562.290816251] [control.cmd_vel_safety_gate]: cmd_vel route safety hold: trigger=lanelet_footprint_cost latest=lanelet_footprint_cost clear=0.00s projected_recovery_candidate_only=true
[WARN] [1785778563.290847201] [control.cmd_vel_safety_gate]: cmd_vel route safety hold: trigger=lanelet_footprint_cost latest=lanelet_footprint_cost clear=0.00s projected_recovery_candidate_only=true
[WARN] [1785778564.290921812] [control.cmd_vel_safety_gate]: cmd_vel route safety hold: trigger=lanelet_footprint_cost latest=lanelet_footprint_cost clear=0.00s projected_recovery_candidate_only=true
[WARN] [1785778565.390846431] [control.cmd_vel_safety_gate]: cmd_vel route safety hold: trigger=lanelet_footprint_cost latest=lanelet_footprint_cost clear=0.00s projected_recovery_candidate_only=true
[WARN] [1785778566.390910934] [control.cmd_vel_safety_gate]: cmd_vel route safety hold: trigger=lanelet_footprint_cost latest=lanelet_footprint_cost clear=0.00s projected_recovery_candidate_only=true
[WARN] [1785778567.390933936] [control.cmd_vel_safety_gate]: cmd_vel route safety hold: trigger=lanelet_footprint_cost latest=lanelet_footprint_cost clear=0.00s projected_recovery_candidate_only=true
[WARN] [1785778568.490891319] [control.cmd_vel_safety_gate]: cmd_vel route safety hold: trigger=lanelet_footprint_cost latest=lanelet_footprint_cost clear=0.00s projected_recovery_candidate_only=true
[WARN] [1785778569.490976176] [control.cmd_vel_safety_gate]: cmd_vel route safety hold: trigger=lanelet_footprint_cost latest=lanelet_footprint_cost clear=0.00s projected_recovery_candidate_only=true
[WARN] [1785778570.590962013] [control.cmd_vel_safety_gate]: cmd_vel route safety hold: trigger=lanelet_footprint_cost latest=lanelet_footprint_cost clear=0.00s projected_recovery_candidate_only=true
[WARN] [1785778571.591006322] [control.cmd_vel_safety_gate]: cmd_vel route safety hold: trigger=lanelet_footprint_cost latest=lanelet_footprint_cost clear=0.00s projected_recovery_candidate_only=true
[WARN] [1785778572.591049721] [control.cmd_vel_safety_gate]: cmd_vel route safety hold: trigger=lanelet_footprint_cost latest=lanelet_footprint_cost clear=0.00s projected_recovery_candidate_only=true
[WARN] [1785778573.690976002] [control.cmd_vel_safety_gate]: cmd_vel route safety hold: trigger=lanelet_footprint_cost latest=lanelet_footprint_cost clear=0.00s projected_recovery_candidate_only=true
[WARN] [1785778574.791130810] [control.cmd_vel_safety_gate]: cmd_vel route safety hold: trigger=lanelet_footprint_cost latest=lanelet_footprint_cost clear=0.00s projected_recovery_candidate_only=true
[WARN] [1785778575.891117475] [control.cmd_vel_safety_gate]: cmd_vel route safety hold: trigger=lanelet_footprint_cost latest=lanelet_footprint_cost clear=0.00s projected_recovery_candidate_only=true
[WARN] [1785778576.891125893] [control.cmd_vel_safety_gate]: cmd_vel route safety hold: trigger=lanelet_footprint_cost latest=lanelet_footprint_cost clear=0.00s projected_recovery_candidate_only=true
[WARN] [1785778577.891141119] [control.cmd_vel_safety_gate]: cmd_vel route safety hold: trigger=lanelet_footprint_cost latest=lanelet_footprint_cost clear=0.00s projected_recovery_candidate_only=true
[WARN] [1785778578.891192945] [control.cmd_vel_safety_gate]: cmd_vel route safety hold: trigger=lanelet_footprint_cost latest=lanelet_footprint_cost clear=0.00s projected_recovery_candidate_only=true
[WARN] [1785778579.891201778] [control.cmd_vel_safety_gate]: cmd_vel route safety hold: trigger=lanelet_footprint_cost latest=lanelet_footprint_cost clear=0.00s projected_recovery_candidate_only=true
[WARN] [1785778580.891251708] [control.cmd_vel_safety_gate]: cmd_vel route safety hold: trigger=lanelet_footprint_cost latest=lanelet_footprint_cost clear=0.00s projected_recovery_candidate_only=true
[WARN] [1785778581.891294101] [control.cmd_vel_safety_gate]: cmd_vel route safety hold: trigger=lanelet_footprint_cost latest=lanelet_footprint_cost clear=0.00s projected_recovery_candidate_only=true
[WARN] [1785778582.991196570] [control.cmd_vel_safety_gate]: cmd_vel route safety hold: trigger=lanelet_footprint_cost latest=lanelet_footprint_cost clear=0.00s projected_recovery_candidate_only=true
[WARN] [1785778583.991198978] [control.cmd_vel_safety_gate]: cmd_vel route safety hold: trigger=lanelet_footprint_cost latest=lanelet_footprint_cost clear=0.00s projected_recovery_candidate_only=true
[WARN] [1785778584.991232981] [control.cmd_vel_safety_gate]: cmd_vel route safety hold: trigger=lanelet_footprint_cost latest=lanelet_footprint_cost clear=0.00s projected_recovery_candidate_only=true
[WARN] [1785778586.091208563] [control.cmd_vel_safety_gate]: cmd_vel route safety hold: trigger=lanelet_footprint_cost latest=lanelet_footprint_cost clear=0.00s projected_recovery_candidate_only=true
[WARN] [1785778587.091243690] [control.cmd_vel_safety_gate]: cmd_vel route safety hold: trigger=lanelet_footprint_cost latest=lanelet_footprint_cost clear=0.00s projected_recovery_candidate_only=true
[WARN] [1785778588.091301257] [control.cmd_vel_safety_gate]: cmd_vel route safety hold: trigger=lanelet_footprint_cost latest=lanelet_footprint_cost clear=0.00s projected_recovery_candidate_only=true
[WARN] [1785778589.091321293] [control.cmd_vel_safety_gate]: cmd_vel route safety hold: trigger=lanelet_footprint_cost latest=lanelet_footprint_cost clear=0.00s projected_recovery_candidate_only=true
[WARN] [1785778590.191246511] [control.cmd_vel_safety_gate]: cmd_vel route safety hold: trigger=lanelet_footprint_cost latest=lanelet_footprint_cost clear=0.00s projected_recovery_candidate_only=true
[WARN] [1785778591.191268333] [control.cmd_vel_safety_gate]: cmd_vel route safety hold: trigger=lanelet_footprint_cost latest=lanelet_footprint_cost clear=0.00s projected_recovery_candidate_only=true
[WARN] [1785778592.191281016] [control.cmd_vel_safety_gate]: cmd_vel route safety hold: trigger=lanelet_footprint_cost latest=lanelet_footprint_cost clear=0.00s projected_recovery_candidate_only=true
[WARN] [1785778593.291355817] [control.cmd_vel_safety_gate]: cmd_vel route safety hold: trigger=lanelet_footprint_cost latest=lanelet_footprint_cost clear=0.00s projected_recovery_candidate_only=true
[WARN] [1785778594.391368559] [control.cmd_vel_safety_gate]: cmd_vel route safety hold: trigger=lanelet_footprint_cost latest=lanelet_footprint_cost clear=0.00s projected_recovery_candidate_only=true
[WARN] [1785778595.491330062] [control.cmd_vel_safety_gate]: cmd_vel route safety hold: trigger=lanelet_footprint_cost latest=lanelet_footprint_cost clear=0.00s projected_recovery_candidate_only=true
[WARN] [1785778596.491358545] [control.cmd_vel_safety_gate]: cmd_vel route safety hold: trigger=lanelet_footprint_cost latest=lanelet_footprint_cost clear=0.00s projected_recovery_candidate_only=true
[WARN] [1785778597.491531770] [control.cmd_vel_safety_gate]: cmd_vel route safety hold: trigger=lanelet_footprint_cost latest=lanelet_footprint_cost clear=0.00s projected_recovery_candidate_only=true
[WARN] [1785778598.591455552] [control.cmd_vel_safety_gate]: cmd_vel route safety hold: trigger=lanelet_footprint_cost latest=lanelet_footprint_cost clear=0.00s projected_recovery_candidate_only=true
[WARN] [1785778599.691401044] [control.cmd_vel_safety_gate]: cmd_vel route safety hold: trigger=lanelet_footprint_cost latest=lanelet_footprint_cost clear=0.00s projected_recovery_candidate_only=true
[WARN] [1785778600.691422895] [control.cmd_vel_safety_gate]: cmd_vel route safety hold: trigger=lanelet_footprint_cost latest=lanelet_footprint_cost clear=0.00s projected_recovery_candidate_only=true
[WARN] [1785778601.691459370] [control.cmd_vel_safety_gate]: cmd_vel route safety hold: trigger=lanelet_footprint_cost latest=lanelet_footprint_cost clear=0.00s projected_recovery_candidate_only=true
[WARN] [1785778602.791520038] [control.cmd_vel_safety_gate]: cmd_vel route safety hold: trigger=lanelet_footprint_cost latest=lanelet_footprint_cost clear=0.00s projected_recovery_candidate_only=true
[WARN] [1785778603.791530245] [control.cmd_vel_safety_gate]: cmd_vel route safety hold: trigger=lanelet_footprint_cost latest=lanelet_footprint_cost clear=0.00s projected_recovery_candidate_only=true
[WARN] [1785778604.891578085] [control.cmd_vel_safety_gate]: cmd_vel route safety hold: trigger=lanelet_footprint_cost latest=lanelet_footprint_cost clear=0.00s projected_recovery_candidate_only=true
[WARN] [1785778605.991578890] [control.cmd_vel_safety_gate]: cmd_vel route safety hold: trigger=lanelet_footprint_cost latest=lanelet_footprint_cost clear=0.00s projected_recovery_candidate_only=true
[WARN] [1785778607.091523364] [control.cmd_vel_safety_gate]: cmd_vel route safety hold: trigger=lanelet_footprint_cost latest=lanelet_footprint_cost clear=0.00s projected_recovery_candidate_only=true
[WARN] [1785778608.191479032] [control.cmd_vel_safety_gate]: cmd_vel route safety hold: trigger=lanelet_footprint_cost latest=lanelet_footprint_cost clear=0.00s projected_recovery_candidate_only=true
[WARN] [1785778609.191506386] [control.cmd_vel_safety_gate]: cmd_vel route safety hold: trigger=lanelet_footprint_cost latest=lanelet_footprint_cost clear=0.00s projected_recovery_candidate_only=true
[WARN] [1785778610.191511772] [control.cmd_vel_safety_gate]: cmd_vel route safety hold: trigger=lanelet_footprint_cost latest=lanelet_footprint_cost clear=0.00s projected_recovery_candidate_only=true
[WARN] [1785778611.191523700] [control.cmd_vel_safety_gate]: cmd_vel route safety hold: trigger=lanelet_footprint_cost latest=lanelet_footprint_cost clear=0.00s projected_recovery_candidate_only=true
[INFO] [1785778611.734779289] [control.cmd_vel_safety_gate]: command authorization updated: source=estop:/planning/state_machine/estop state=platform_status_stale=0.63s,route_safety_hold=lanelet_footprint_cost
[INFO] [1785778611.934483760] [control.cmd_vel_safety_gate]: command authorization updated: source=estop:/planning/state_machine/estop state=platform_status_stale=0.83s,route_safety_hold=lanelet_footprint_cost
[WARN] [1785778612.133238686] [control.cmd_vel_safety_gate]: cmd_vel input stale: age=0.40s timeout=0.35s; publishing zero
[INFO] [1785778612.134413376] [control.cmd_vel_safety_gate]: command authorization updated: source=estop:/planning/state_machine/estop state=platform_status_stale=1.03s,route_safety_hold=lanelet_footprint_cost
[INFO] [1785778612.334308724] [control.cmd_vel_safety_gate]: command authorization updated: source=estop:/planning/state_machine/estop state=platform_status_stale=1.23s,route_safety_hold=lanelet_footprint_cost
[INFO] [1785778612.535183221] [control.cmd_vel_safety_gate]: command authorization updated: source=estop:/planning/state_machine/estop state=platform_status_stale=1.43s,route_safety_hold=lanelet_footprint_cost
[INFO] [1785778612.734672755] [control.cmd_vel_safety_gate]: command authorization updated: source=estop:/planning/state_machine/estop state=platform_status_stale=1.63s,route_safety_hold=lanelet_footprint_cost
[INFO] [1785778612.934398223] [control.cmd_vel_safety_gate]: command authorization updated: source=estop:/planning/state_machine/estop state=platform_status_stale=1.83s,route_safety_hold=lanelet_footprint_cost
[INFO] [1785778613.134378186] [control.cmd_vel_safety_gate]: command authorization updated: source=estop:/planning/state_machine/estop state=platform_status_stale=2.03s,route_safety_hold=lanelet_footprint_cost
[INFO] [1785778613.334472279] [control.cmd_vel_safety_gate]: command authorization updated: source=estop:/planning/state_machine/estop state=platform_status_stale=2.23s,route_safety_hold=lanelet_footprint_cost
[INFO] [1785778613.535201148] [control.cmd_vel_safety_gate]: command authorization updated: source=estop:/planning/state_machine/estop state=platform_status_stale=2.43s,route_safety_hold=lanelet_footprint_cost
[INFO] [1785778613.734444106] [control.cmd_vel_safety_gate]: command authorization updated: source=estop:/planning/state_machine/estop state=platform_status_stale=2.63s,route_safety_hold=lanelet_footprint_cost
[INFO] [1785778613.934391807] [control.cmd_vel_safety_gate]: command authorization updated: source=estop:/planning/state_machine/estop state=platform_status_stale=2.83s,route_safety_hold=lanelet_footprint_cost
[INFO] [1785778614.134347307] [control.cmd_vel_safety_gate]: command authorization updated: source=estop:/planning/state_machine/estop state=platform_status_stale=3.03s,route_safety_hold=lanelet_footprint_cost
[INFO] [1785778614.334328639] [control.cmd_vel_safety_gate]: command authorization updated: source=estop:/planning/state_machine/estop state=platform_status_stale=3.23s,route_safety_hold=lanelet_footprint_cost
[INFO] [1785778614.534490842] [control.cmd_vel_safety_gate]: command authorization updated: source=estop:/planning/state_machine/estop state=platform_status_stale=3.43s,route_safety_hold=lanelet_footprint_cost
[INFO] [1785778614.734412237] [control.cmd_vel_safety_gate]: command authorization updated: source=estop:/planning/state_machine/estop state=platform_status_stale=3.63s,route_safety_hold=lanelet_footprint_cost
[INFO] [1785778614.934351115] [control.cmd_vel_safety_gate]: command authorization updated: source=estop:/planning/state_machine/estop state=platform_status_stale=3.83s,route_safety_hold=lanelet_footprint_cost
[INFO] [1785778615.134339321] [control.cmd_vel_safety_gate]: command authorization updated: source=estop:/planning/state_machine/estop state=platform_status_stale=4.03s,route_safety_hold=lanelet_footprint_cost
[INFO] [1785778615.334557290] [control.cmd_vel_safety_gate]: command authorization updated: source=estop:/planning/state_machine/estop state=platform_status_stale=4.23s,route_safety_hold=lanelet_footprint_cost
[INFO] [1785778615.534466634] [control.cmd_vel_safety_gate]: command authorization updated: source=estop:/planning/state_machine/estop state=platform_status_stale=4.43s,route_safety_hold=lanelet_footprint_cost
[INFO] [1785778615.734454257] [control.cmd_vel_safety_gate]: command authorization updated: source=estop:/planning/state_machine/estop state=platform_status_stale=4.63s,route_safety_hold=lanelet_footprint_cost
[INFO] [1785778615.934311286] [control.cmd_vel_safety_gate]: command authorization updated: source=estop:/planning/state_machine/estop state=platform_status_stale=4.83s,route_safety_hold=lanelet_footprint_cost
[INFO] [1785778616.134353607] [control.cmd_vel_safety_gate]: command authorization updated: source=estop:/planning/state_machine/estop state=platform_status_stale=5.03s,route_safety_hold=lanelet_footprint_cost
[INFO] [1785778616.334964895] [control.cmd_vel_safety_gate]: command authorization updated: source=estop:/planning/state_machine/estop state=platform_status_stale=5.23s,route_safety_hold=lanelet_footprint_cost
[INFO] [1785778616.534412266] [control.cmd_vel_safety_gate]: command authorization updated: source=estop:/planning/state_machine/estop state=platform_status_stale=5.43s,route_safety_hold=lanelet_footprint_cost
[INFO] [1785778616.734309275] [control.cmd_vel_safety_gate]: command authorization updated: source=estop:/planning/state_machine/estop state=platform_status_stale=5.63s,route_safety_hold=lanelet_footprint_cost
[INFO] [1785778616.934351519] [control.cmd_vel_safety_gate]: command authorization updated: source=estop:/planning/state_machine/estop state=platform_status_stale=5.83s,route_safety_hold=lanelet_footprint_cost
[INFO] [1785778617.134738938] [control.cmd_vel_safety_gate]: command authorization updated: source=estop:/planning/state_machine/estop state=platform_status_stale=6.03s,route_safety_hold=lanelet_footprint_cost
[INFO] [1785778617.334335477] [control.cmd_vel_safety_gate]: command authorization updated: source=estop:/planning/state_machine/estop state=platform_status_stale=6.23s,route_safety_hold=lanelet_footprint_cost
[INFO] [1785778617.534725034] [control.cmd_vel_safety_gate]: command authorization updated: source=estop:/planning/state_machine/estop state=platform_status_stale=6.43s,route_safety_hold=lanelet_footprint_cost
[INFO] [1785778617.734708875] [control.cmd_vel_safety_gate]: command authorization updated: source=estop:/planning/state_machine/estop state=platform_status_stale=6.63s,route_safety_hold=lanelet_footprint_cost
[INFO] [1785778617.934767035] [control.cmd_vel_safety_gate]: command authorization updated: source=estop:/planning/state_machine/estop state=platform_status_stale=6.83s,route_safety_hold=lanelet_footprint_cost
[INFO] [1785778618.134372998] [control.cmd_vel_safety_gate]: command authorization updated: source=estop:/planning/state_machine/estop state=platform_status_stale=7.03s,route_safety_hold=lanelet_footprint_cost
[INFO] [1785778618.334347370] [control.cmd_vel_safety_gate]: command authorization updated: source=estop:/planning/state_machine/estop state=platform_status_stale=7.23s,route_safety_hold=lanelet_footprint_cost
[INFO] [1785778618.534307314] [control.cmd_vel_safety_gate]: command authorization updated: source=estop:/planning/state_machine/estop state=platform_status_stale=7.43s,route_safety_hold=lanelet_footprint_cost
[INFO] [1785778618.734767598] [control.cmd_vel_safety_gate]: command authorization updated: source=estop:/planning/state_machine/estop state=platform_status_stale=7.63s,route_safety_hold=lanelet_footprint_cost
[INFO] [1785778618.934500166] [control.cmd_vel_safety_gate]: command authorization updated: source=estop:/planning/state_machine/estop state=platform_status_stale=7.83s,route_safety_hold=lanelet_footprint_cost
[INFO] [1785778619.134429951] [control.cmd_vel_safety_gate]: command authorization updated: source=estop:/planning/state_machine/estop state=platform_status_stale=8.03s,route_safety_hold=lanelet_footprint_cost
[INFO] [1785778619.334477790] [control.cmd_vel_safety_gate]: command authorization updated: source=estop:/planning/state_machine/estop state=platform_status_stale=8.23s,route_safety_hold=lanelet_footprint_cost
[INFO] [1785778619.534372592] [control.cmd_vel_safety_gate]: command authorization updated: source=estop:/planning/state_machine/estop state=platform_status_stale=8.43s,route_safety_hold=lanelet_footprint_cost
[INFO] [1785778619.735087740] [control.cmd_vel_safety_gate]: command authorization updated: source=estop:/planning/state_machine/estop state=platform_status_stale=8.63s,route_safety_hold=lanelet_footprint_cost
[INFO] [1785778619.935202975] [control.cmd_vel_safety_gate]: command authorization updated: source=estop:/planning/state_machine/estop state=platform_status_stale=8.83s,route_safety_hold=lanelet_footprint_cost
[INFO] [1785778620.134424670] [control.cmd_vel_safety_gate]: command authorization updated: source=estop:/planning/state_machine/estop state=platform_status_stale=9.03s,route_safety_hold=lanelet_footprint_cost
[INFO] [1785778620.334379068] [control.cmd_vel_safety_gate]: command authorization updated: source=estop:/planning/state_machine/estop state=platform_status_stale=9.23s,route_safety_hold=lanelet_footprint_cost
[INFO] [1785778620.534731632] [control.cmd_vel_safety_gate]: command authorization updated: source=estop:/planning/state_machine/estop state=platform_status_stale=9.43s,route_safety_hold=lanelet_footprint_cost
[INFO] [1785778620.734347368] [control.cmd_vel_safety_gate]: command authorization updated: source=estop:/planning/state_machine/estop state=platform_status_stale=9.63s,route_safety_hold=lanelet_footprint_cost
[INFO] [1785778620.934547061] [control.cmd_vel_safety_gate]: command authorization updated: source=estop:/planning/state_machine/estop state=platform_status_stale=9.83s,route_safety_hold=lanelet_footprint_cost
[INFO] [1785778621.134506791] [control.cmd_vel_safety_gate]: command authorization updated: source=estop:/planning/state_machine/estop state=platform_status_stale=10.03s,route_safety_hold=lanelet_footprint_cost
[INFO] [1785778621.334464979] [control.cmd_vel_safety_gate]: command authorization updated: source=estop:/planning/state_machine/estop state=platform_status_stale=10.23s,route_safety_hold=lanelet_footprint_cost
[INFO] [1785778621.534416215] [control.cmd_vel_safety_gate]: command authorization updated: source=estop:/planning/state_machine/estop state=platform_status_stale=10.43s,route_safety_hold=lanelet_footprint_cost
[INFO] [1785778621.734386581] [control.cmd_vel_safety_gate]: command authorization updated: source=estop:/planning/state_machine/estop state=platform_status_stale=10.63s,route_safety_hold=lanelet_footprint_cost
[INFO] [1785778621.934443164] [control.cmd_vel_safety_gate]: command authorization updated: source=estop:/planning/state_machine/estop state=platform_status_stale=10.83s,route_safety_hold=lanelet_footprint_cost
[INFO] [1785778622.134497408] [control.cmd_vel_safety_gate]: command authorization updated: source=estop:/planning/state_machine/estop state=platform_status_stale=11.03s,route_safety_hold=lanelet_footprint_cost
[INFO] [1785778622.334527977] [control.cmd_vel_safety_gate]: command authorization updated: source=estop:/planning/state_machine/estop state=platform_status_stale=11.23s,route_safety_hold=lanelet_footprint_cost
[INFO] [1785778622.534514805] [control.cmd_vel_safety_gate]: command authorization updated: source=estop:/planning/state_machine/estop state=platform_status_stale=11.43s,route_safety_hold=lanelet_footprint_cost
[INFO] [1785778622.734586655] [control.cmd_vel_safety_gate]: command authorization updated: source=estop:/planning/state_machine/estop state=platform_status_stale=11.63s,route_safety_hold=lanelet_footprint_cost
[INFO] [1785778622.934610820] [control.cmd_vel_safety_gate]: command authorization updated: source=estop:/planning/state_machine/estop state=platform_status_stale=11.83s,route_safety_hold=lanelet_footprint_cost
[INFO] [1785778623.134522880] [control.cmd_vel_safety_gate]: command authorization updated: source=estop:/planning/state_machine/estop state=platform_status_stale=12.03s,route_safety_hold=lanelet_footprint_cost
[INFO] [1785778623.334404580] [control.cmd_vel_safety_gate]: command authorization updated: source=estop:/planning/state_machine/estop state=platform_status_stale=12.23s,route_safety_hold=lanelet_footprint_cost
[INFO] [1785778623.534338726] [control.cmd_vel_safety_gate]: command authorization updated: source=estop:/planning/state_machine/estop state=platform_status_stale=12.43s,route_safety_hold=lanelet_footprint_cost
[INFO] [1785778623.734767955] [control.cmd_vel_safety_gate]: command authorization updated: source=estop:/planning/state_machine/estop state=platform_status_stale=12.63s,route_safety_hold=lanelet_footprint_cost
[INFO] [1785778623.934466606] [control.cmd_vel_safety_gate]: command authorization updated: source=estop:/planning/state_machine/estop state=platform_status_stale=12.83s,route_safety_hold=lanelet_footprint_cost
[INFO] [1785778624.134847268] [control.cmd_vel_safety_gate]: command authorization updated: source=estop:/planning/state_machine/estop state=platform_status_stale=13.03s,route_safety_hold=lanelet_footprint_cost
[INFO] [1785778624.334400573] [control.cmd_vel_safety_gate]: command authorization updated: source=estop:/planning/state_machine/estop state=platform_status_stale=13.23s,route_safety_hold=lanelet_footprint_cost
[INFO] [1785778624.534380721] [control.cmd_vel_safety_gate]: command authorization updated: source=estop:/planning/state_machine/estop state=platform_status_stale=13.43s,route_safety_hold=lanelet_footprint_cost
[INFO] [1785778624.734466003] [control.cmd_vel_safety_gate]: command authorization updated: source=estop:/planning/state_machine/estop state=platform_status_stale=13.63s,route_safety_hold=lanelet_footprint_cost
[INFO] [1785778624.935293215] [control.cmd_vel_safety_gate]: command authorization updated: source=estop:/planning/state_machine/estop state=platform_status_stale=13.83s,route_safety_hold=lanelet_footprint_cost
[INFO] [1785778625.134502693] [control.cmd_vel_safety_gate]: command authorization updated: source=estop:/planning/state_machine/estop state=platform_status_stale=14.03s,route_safety_hold=lanelet_footprint_cost
[INFO] [1785778625.334436709] [control.cmd_vel_safety_gate]: command authorization updated: source=estop:/planning/state_machine/estop state=platform_status_stale=14.23s,route_safety_hold=lanelet_footprint_cost
[INFO] [1785778625.534483346] [control.cmd_vel_safety_gate]: command authorization updated: source=estop:/planning/state_machine/estop state=platform_status_stale=14.43s,route_safety_hold=lanelet_footprint_cost
[INFO] [1785778625.734556481] [control.cmd_vel_safety_gate]: command authorization updated: source=estop:/planning/state_machine/estop state=platform_status_stale=14.63s,route_safety_hold=lanelet_footprint_cost
[INFO] [1785778625.934519473] [control.cmd_vel_safety_gate]: command authorization updated: source=estop:/planning/state_machine/estop state=platform_status_stale=14.83s,route_safety_hold=lanelet_footprint_cost
[INFO] [1785778626.135123062] [control.cmd_vel_safety_gate]: command authorization updated: source=estop:/planning/state_machine/estop state=platform_status_stale=15.03s,route_safety_hold=lanelet_footprint_cost
[INFO] [1785778626.334340521] [control.cmd_vel_safety_gate]: command authorization updated: source=estop:/planning/state_machine/estop state=platform_status_stale=15.23s,route_safety_hold=lanelet_footprint_cost
[INFO] [1785778626.534577387] [control.cmd_vel_safety_gate]: command authorization updated: source=estop:/planning/state_machine/estop state=platform_status_stale=15.43s,route_safety_hold=lanelet_footprint_cost
[INFO] [1785778626.734385177] [control.cmd_vel_safety_gate]: command authorization updated: source=estop:/planning/state_machine/estop state=platform_status_stale=15.63s,route_safety_hold=lanelet_footprint_cost
[INFO] [1785778626.934336796] [control.cmd_vel_safety_gate]: command authorization updated: source=estop:/planning/state_machine/estop state=platform_status_stale=15.83s,route_safety_hold=lanelet_footprint_cost
[INFO] [1785778627.134556239] [control.cmd_vel_safety_gate]: command authorization updated: source=estop:/planning/state_machine/estop state=platform_status_stale=16.03s,route_safety_hold=lanelet_footprint_cost
[INFO] [1785778627.334742954] [control.cmd_vel_safety_gate]: command authorization updated: source=estop:/planning/state_machine/estop state=platform_status_stale=16.23s,route_safety_hold=lanelet_footprint_cost
[INFO] [1785778627.534492860] [control.cmd_vel_safety_gate]: command authorization updated: source=estop:/planning/state_machine/estop state=platform_status_stale=16.43s,route_safety_hold=lanelet_footprint_cost
[INFO] [1785778627.734778559] [control.cmd_vel_safety_gate]: command authorization updated: source=estop:/planning/state_machine/estop state=platform_status_stale=16.63s,route_safety_hold=lanelet_footprint_cost
[INFO] [1785778627.934398099] [control.cmd_vel_safety_gate]: command authorization updated: source=estop:/planning/state_machine/estop state=platform_status_stale=16.83s,route_safety_hold=lanelet_footprint_cost
[INFO] [1785778628.134474940] [control.cmd_vel_safety_gate]: command authorization updated: source=estop:/planning/state_machine/estop state=platform_status_stale=17.03s,route_safety_hold=lanelet_footprint_cost
[INFO] [1785778628.334347759] [control.cmd_vel_safety_gate]: command authorization updated: source=estop:/planning/state_machine/estop state=platform_status_stale=17.23s,route_safety_hold=lanelet_footprint_cost
[INFO] [1785778628.534639902] [control.cmd_vel_safety_gate]: command authorization updated: source=estop:/planning/state_machine/estop state=platform_status_stale=17.43s,route_safety_hold=lanelet_footprint_cost
[INFO] [1785778628.734419962] [control.cmd_vel_safety_gate]: command authorization updated: source=estop:/planning/state_machine/estop state=platform_status_stale=17.63s,route_safety_hold=lanelet_footprint_cost
[INFO] [1785778628.934451544] [control.cmd_vel_safety_gate]: command authorization updated: source=estop:/planning/state_machine/estop state=platform_status_stale=17.83s,route_safety_hold=lanelet_footprint_cost
[INFO] [1785778629.134464866] [control.cmd_vel_safety_gate]: command authorization updated: source=estop:/planning/state_machine/estop state=platform_status_stale=18.03s,route_safety_hold=lanelet_footprint_cost
[INFO] [1785778629.334390547] [control.cmd_vel_safety_gate]: command authorization updated: source=estop:/planning/state_machine/estop state=platform_status_stale=18.23s,route_safety_hold=lanelet_footprint_cost
[INFO] [1785778629.534633610] [control.cmd_vel_safety_gate]: command authorization updated: source=estop:/planning/state_machine/estop state=platform_status_stale=18.43s,route_safety_hold=lanelet_footprint_cost
[INFO] [1785778629.735187664] [control.cmd_vel_safety_gate]: command authorization updated: source=estop:/planning/state_machine/estop state=platform_status_stale=18.63s,route_safety_hold=lanelet_footprint_cost
[INFO] [1785778629.934441204] [control.cmd_vel_safety_gate]: command authorization updated: source=estop:/planning/state_machine/estop state=platform_status_stale=18.83s,route_safety_hold=lanelet_footprint_cost
[INFO] [1785778630.134612162] [control.cmd_vel_safety_gate]: command authorization updated: source=estop:/planning/state_machine/estop state=platform_status_stale=19.03s,route_safety_hold=lanelet_footprint_cost
[INFO] [1785778630.334459696] [control.cmd_vel_safety_gate]: command authorization updated: source=estop:/planning/state_machine/estop state=platform_status_stale=19.23s,route_safety_hold=lanelet_footprint_cost
[INFO] [1785778630.534399756] [control.cmd_vel_safety_gate]: command authorization updated: source=estop:/planning/state_machine/estop state=platform_status_stale=19.43s,route_safety_hold=lanelet_footprint_cost
[INFO] [1785778630.734427020] [control.cmd_vel_safety_gate]: command authorization updated: source=estop:/planning/state_machine/estop state=platform_status_stale=19.63s,route_safety_hold=lanelet_footprint_cost
[INFO] [1785778630.934811279] [control.cmd_vel_safety_gate]: command authorization updated: source=estop:/planning/state_machine/estop state=platform_status_stale=19.83s,route_safety_hold=lanelet_footprint_cost
[INFO] [1785778631.134773549] [control.cmd_vel_safety_gate]: command authorization updated: source=estop:/planning/state_machine/estop state=platform_status_stale=20.03s,route_safety_hold=lanelet_footprint_cost
[INFO] [1785778631.334479980] [control.cmd_vel_safety_gate]: command authorization updated: source=estop:/planning/state_machine/estop state=platform_status_stale=20.23s,route_safety_hold=lanelet_footprint_cost
[INFO] [1785778631.534402860] [control.cmd_vel_safety_gate]: command authorization updated: source=estop:/planning/state_machine/estop state=platform_status_stale=20.43s,route_safety_hold=lanelet_footprint_cost
[INFO] [1785778631.734429991] [control.cmd_vel_safety_gate]: command authorization updated: source=estop:/planning/state_machine/estop state=platform_status_stale=20.63s,route_safety_hold=lanelet_footprint_cost
[INFO] [1785778631.934861336] [control.cmd_vel_safety_gate]: command authorization updated: source=estop:/planning/state_machine/estop state=platform_status_stale=20.83s,route_safety_hold=lanelet_footprint_cost
[INFO] [1785778632.134438317] [control.cmd_vel_safety_gate]: command authorization updated: source=estop:/planning/state_machine/estop state=platform_status_stale=21.03s,route_safety_hold=lanelet_footprint_cost
[INFO] [1785778632.334385705] [control.cmd_vel_safety_gate]: command authorization updated: source=estop:/planning/state_machine/estop state=platform_status_stale=21.23s,route_safety_hold=lanelet_footprint_cost
[INFO] [1785778632.534595942] [control.cmd_vel_safety_gate]: command authorization updated: source=estop:/planning/state_machine/estop state=platform_status_stale=21.43s,route_safety_hold=lanelet_footprint_cost
[INFO] [1785778632.734538813] [control.cmd_vel_safety_gate]: command authorization updated: source=estop:/planning/state_machine/estop state=platform_status_stale=21.63s,route_safety_hold=lanelet_footprint_cost
[INFO] [1785778632.934550036] [control.cmd_vel_safety_gate]: command authorization updated: source=estop:/planning/state_machine/estop state=platform_status_stale=21.83s,route_safety_hold=lanelet_footprint_cost
[INFO] [1785778633.134387508] [control.cmd_vel_safety_gate]: command authorization updated: source=estop:/planning/state_machine/estop state=platform_status_stale=22.03s,route_safety_hold=lanelet_footprint_cost
[INFO] [1785778633.334659334] [control.cmd_vel_safety_gate]: command authorization updated: source=estop:/planning/state_machine/estop state=platform_status_stale=22.23s,route_safety_hold=lanelet_footprint_cost
[INFO] [1785778633.534482773] [control.cmd_vel_safety_gate]: command authorization updated: source=estop:/planning/state_machine/estop state=platform_status_stale=22.43s,route_safety_hold=lanelet_footprint_cost
[INFO] [1785778633.734300690] [control.cmd_vel_safety_gate]: command authorization updated: source=estop:/planning/state_machine/estop state=platform_status_stale=22.63s,route_safety_hold=lanelet_footprint_cost
[INFO] [1785778633.934675891] [control.cmd_vel_safety_gate]: command authorization updated: source=estop:/planning/state_machine/estop state=platform_status_stale=22.83s,route_safety_hold=lanelet_footprint_cost
[INFO] [1785778634.134498816] [control.cmd_vel_safety_gate]: command authorization updated: source=estop:/planning/state_machine/estop state=platform_status_stale=23.03s,route_safety_hold=lanelet_footprint_cost
[INFO] [1785778634.334586897] [control.cmd_vel_safety_gate]: command authorization updated: source=estop:/planning/state_machine/estop state=platform_status_stale=23.23s,route_safety_hold=lanelet_footprint_cost
[INFO] [1785778634.534431144] [control.cmd_vel_safety_gate]: command authorization updated: source=estop:/planning/state_machine/estop state=platform_status_stale=23.43s,route_safety_hold=lanelet_footprint_cost
[INFO] [1785778634.734826236] [control.cmd_vel_safety_gate]: command authorization updated: source=estop:/planning/state_machine/estop state=platform_status_stale=23.63s,route_safety_hold=lanelet_footprint_cost
[INFO] [1785778634.934379122] [control.cmd_vel_safety_gate]: command authorization updated: source=estop:/planning/state_machine/estop state=platform_status_stale=23.83s,route_safety_hold=lanelet_footprint_cost
[INFO] [1785778635.134693709] [control.cmd_vel_safety_gate]: command authorization updated: source=estop:/planning/state_machine/estop state=platform_status_stale=24.03s,route_safety_hold=lanelet_footprint_cost
[INFO] [1785778635.334441068] [control.cmd_vel_safety_gate]: command authorization updated: source=estop:/planning/state_machine/estop state=platform_status_stale=24.23s,route_safety_hold=lanelet_footprint_cost
[INFO] [1785778635.534799861] [control.cmd_vel_safety_gate]: command authorization updated: source=estop:/planning/state_machine/estop state=platform_status_stale=24.43s,route_safety_hold=lanelet_footprint_cost
[INFO] [1785778635.734433753] [control.cmd_vel_safety_gate]: command authorization updated: source=estop:/planning/state_machine/estop state=platform_status_stale=24.63s,route_safety_hold=lanelet_footprint_cost
[INFO] [1785778635.934633193] [control.cmd_vel_safety_gate]: command authorization updated: source=estop:/planning/state_machine/estop state=platform_status_stale=24.83s,route_safety_hold=lanelet_footprint_cost
[INFO] [1785778636.134496610] [control.cmd_vel_safety_gate]: command authorization updated: source=estop:/planning/state_machine/estop state=platform_status_stale=25.03s,route_safety_hold=lanelet_footprint_cost
[INFO] [1785778636.335131571] [control.cmd_vel_safety_gate]: command authorization updated: source=estop:/planning/state_machine/estop state=platform_status_stale=25.23s,route_safety_hold=lanelet_footprint_cost
[INFO] [1785778636.534512621] [control.cmd_vel_safety_gate]: command authorization updated: source=estop:/planning/state_machine/estop state=platform_status_stale=25.43s,route_safety_hold=lanelet_footprint_cost
[INFO] [1785778636.734582893] [control.cmd_vel_safety_gate]: command authorization updated: source=estop:/planning/state_machine/estop state=platform_status_stale=25.63s,route_safety_hold=lanelet_footprint_cost
[INFO] [1785778636.934411813] [control.cmd_vel_safety_gate]: command authorization updated: source=estop:/planning/state_machine/estop state=platform_status_stale=25.83s,route_safety_hold=lanelet_footprint_cost
[INFO] [1785778637.134554143] [control.cmd_vel_safety_gate]: command authorization updated: source=estop:/planning/state_machine/estop state=platform_status_stale=26.03s,route_safety_hold=lanelet_footprint_cost
[INFO] [1785778637.334999474] [control.cmd_vel_safety_gate]: command authorization updated: source=estop:/planning/state_machine/estop state=platform_status_stale=26.23s,route_safety_hold=lanelet_footprint_cost
[INFO] [1785778637.534741556] [control.cmd_vel_safety_gate]: command authorization updated: source=estop:/planning/state_machine/estop state=platform_status_stale=26.43s,route_safety_hold=lanelet_footprint_cost
[INFO] [1785778637.734977854] [control.cmd_vel_safety_gate]: command authorization updated: source=estop:/planning/state_machine/estop state=platform_status_stale=26.63s,route_safety_hold=lanelet_footprint_cost
[INFO] [1785778637.934339914] [control.cmd_vel_safety_gate]: command authorization updated: source=estop:/planning/state_machine/estop state=platform_status_stale=26.83s,route_safety_hold=lanelet_footprint_cost
[INFO] [1785778638.134643264] [control.cmd_vel_safety_gate]: command authorization updated: source=estop:/planning/state_machine/estop state=platform_status_stale=27.03s,route_safety_hold=lanelet_footprint_cost
[INFO] [1785778638.334363467] [control.cmd_vel_safety_gate]: command authorization updated: source=estop:/planning/state_machine/estop state=platform_status_stale=27.23s,route_safety_hold=lanelet_footprint_cost
[INFO] [1785778638.534555986] [control.cmd_vel_safety_gate]: command authorization updated: source=estop:/planning/state_machine/estop state=platform_status_stale=27.43s,route_safety_hold=lanelet_footprint_cost
[INFO] [1785778638.735192420] [control.cmd_vel_safety_gate]: command authorization updated: source=estop:/planning/state_machine/estop state=platform_status_stale=27.63s,route_safety_hold=lanelet_footprint_cost
[INFO] [1785778638.934414020] [control.cmd_vel_safety_gate]: command authorization updated: source=estop:/planning/state_machine/estop state=platform_status_stale=27.83s,route_safety_hold=lanelet_footprint_cost
[INFO] [1785778639.134424638] [control.cmd_vel_safety_gate]: command authorization updated: source=estop:/planning/state_machine/estop state=platform_status_stale=28.03s,route_safety_hold=lanelet_footprint_cost
[INFO] [1785778639.334517293] [control.cmd_vel_safety_gate]: command authorization updated: source=estop:/planning/state_machine/estop state=platform_status_stale=28.23s,route_safety_hold=lanelet_footprint_cost
[INFO] [1785778639.534567133] [control.cmd_vel_safety_gate]: command authorization updated: source=estop:/planning/state_machine/estop state=platform_status_stale=28.43s,route_safety_hold=lanelet_footprint_cost
[INFO] [1785778639.734665888] [control.cmd_vel_safety_gate]: command authorization updated: source=estop:/planning/state_machine/estop state=platform_status_stale=28.63s,route_safety_hold=lanelet_footprint_cost
[INFO] [1785778639.934435029] [control.cmd_vel_safety_gate]: command authorization updated: source=estop:/planning/state_machine/estop state=platform_status_stale=28.83s,route_safety_hold=lanelet_footprint_cost
[INFO] [1785778640.135236630] [control.cmd_vel_safety_gate]: command authorization updated: source=estop:/planning/state_machine/estop state=platform_status_stale=29.03s,route_safety_hold=lanelet_footprint_cost
[INFO] [1785778640.334465389] [control.cmd_vel_safety_gate]: command authorization updated: source=estop:/planning/state_machine/estop state=platform_status_stale=29.23s,route_safety_hold=lanelet_footprint_cost
[INFO] [1785778640.534600933] [control.cmd_vel_safety_gate]: command authorization updated: source=estop:/planning/state_machine/estop state=platform_status_stale=29.43s,route_safety_hold=lanelet_footprint_cost
[INFO] [1785778640.734566690] [control.cmd_vel_safety_gate]: command authorization updated: source=estop:/planning/state_machine/estop state=platform_status_stale=29.63s,route_safety_hold=lanelet_footprint_cost
[INFO] [1785778640.934965383] [control.cmd_vel_safety_gate]: command authorization updated: source=estop:/planning/state_machine/estop state=platform_status_stale=29.83s,route_safety_hold=lanelet_footprint_cost
[INFO] [1785778641.134769069] [control.cmd_vel_safety_gate]: command authorization updated: source=estop:/planning/state_machine/estop state=platform_status_stale=30.03s,route_safety_hold=lanelet_footprint_cost
[INFO] [1785778641.334541549] [control.cmd_vel_safety_gate]: command authorization updated: source=estop:/planning/state_machine/estop state=platform_status_stale=30.23s,route_safety_hold=lanelet_footprint_cost
[INFO] [1785778641.534488338] [control.cmd_vel_safety_gate]: command authorization updated: source=estop:/planning/state_machine/estop state=platform_status_stale=30.43s,route_safety_hold=lanelet_footprint_cost
[INFO] [1785778641.734671262] [control.cmd_vel_safety_gate]: command authorization updated: source=estop:/planning/state_machine/estop state=platform_status_stale=30.63s,route_safety_hold=lanelet_footprint_cost
[INFO] [1785778641.935009283] [control.cmd_vel_safety_gate]: command authorization updated: source=estop:/planning/state_machine/estop state=platform_status_stale=30.83s,route_safety_hold=lanelet_footprint_cost
[INFO] [1785778642.134761385] [control.cmd_vel_safety_gate]: command authorization updated: source=estop:/planning/state_machine/estop state=platform_status_stale=31.03s,route_safety_hold=lanelet_footprint_cost
[INFO] [1785778642.334635128] [control.cmd_vel_safety_gate]: command authorization updated: source=estop:/planning/state_machine/estop state=platform_status_stale=31.23s,route_safety_hold=lanelet_footprint_cost
[INFO] [1785778642.534506240] [control.cmd_vel_safety_gate]: command authorization updated: source=estop:/planning/state_machine/estop state=platform_status_stale=31.43s,route_safety_hold=lanelet_footprint_cost
[INFO] [1785778642.735650523] [control.cmd_vel_safety_gate]: command authorization updated: source=estop:/planning/state_machine/estop state=platform_status_stale=31.63s,route_safety_hold=lanelet_footprint_cost
[INFO] [1785778642.935456114] [control.cmd_vel_safety_gate]: command authorization updated: source=estop:/planning/state_machine/estop state=platform_status_stale=31.83s,route_safety_hold=lanelet_footprint_cost
[INFO] [1785778643.135454265] [control.cmd_vel_safety_gate]: command authorization updated: source=estop:/planning/state_machine/estop state=platform_status_stale=32.03s,route_safety_hold=lanelet_footprint_cost
[INFO] [1785778643.335615262] [control.cmd_vel_safety_gate]: command authorization updated: source=estop:/planning/state_machine/estop state=platform_status_stale=32.23s,route_safety_hold=lanelet_footprint_cost
[INFO] [1785778643.534706372] [control.cmd_vel_safety_gate]: command authorization updated: source=estop:/planning/state_machine/estop state=platform_status_stale=32.43s,route_safety_hold=lanelet_footprint_cost
[INFO] [1785778643.734810773] [control.cmd_vel_safety_gate]: command authorization updated: source=estop:/planning/state_machine/estop state=platform_status_stale=32.63s,route_safety_hold=lanelet_footprint_cost
[INFO] [1785778643.934600703] [control.cmd_vel_safety_gate]: command authorization updated: source=estop:/planning/state_machine/estop state=platform_status_stale=32.83s,route_safety_hold=lanelet_footprint_cost
[INFO] [1785778644.134690621] [control.cmd_vel_safety_gate]: command authorization updated: source=estop:/planning/state_machine/estop state=platform_status_stale=33.03s,route_safety_hold=lanelet_footprint_cost
[INFO] [1785778644.335547901] [control.cmd_vel_safety_gate]: command authorization updated: source=estop:/planning/state_machine/estop state=platform_status_stale=33.23s,route_safety_hold=lanelet_footprint_cost
[INFO] [1785778644.535342062] [control.cmd_vel_safety_gate]: command authorization updated: source=estop:/planning/state_machine/estop state=platform_status_stale=33.43s,route_safety_hold=lanelet_footprint_cost
[INFO] [1785778644.734711435] [control.cmd_vel_safety_gate]: command authorization updated: source=estop:/planning/state_machine/estop state=platform_status_stale=33.63s,route_safety_hold=lanelet_footprint_cost
[INFO] [1785778644.934525466] [control.cmd_vel_safety_gate]: command authorization updated: source=estop:/planning/state_machine/estop state=platform_status_stale=33.83s,route_safety_hold=lanelet_footprint_cost
[INFO] [1785778645.134631777] [control.cmd_vel_safety_gate]: command authorization updated: source=estop:/planning/state_machine/estop state=platform_status_stale=34.03s,route_safety_hold=lanelet_footprint_cost
[INFO] [1785778645.334654307] [control.cmd_vel_safety_gate]: command authorization updated: source=estop:/planning/state_machine/estop state=platform_status_stale=34.23s,route_safety_hold=lanelet_footprint_cost
[INFO] [1785778645.534490570] [control.cmd_vel_safety_gate]: command authorization updated: source=estop:/planning/state_machine/estop state=platform_status_stale=34.43s,route_safety_hold=lanelet_footprint_cost
[INFO] [1785778645.735452333] [control.cmd_vel_safety_gate]: command authorization updated: source=estop:/planning/state_machine/estop state=platform_status_stale=34.63s,route_safety_hold=lanelet_footprint_cost
[INFO] [1785778645.934583941] [control.cmd_vel_safety_gate]: command authorization updated: source=estop:/planning/state_machine/estop state=platform_status_stale=34.83s,route_safety_hold=lanelet_footprint_cost
[INFO] [1785778646.135633961] [control.cmd_vel_safety_gate]: command authorization updated: source=estop:/planning/state_machine/estop state=platform_status_stale=35.03s,route_safety_hold=lanelet_footprint_cost
[INFO] [1785778646.334460431] [control.cmd_vel_safety_gate]: command authorization updated: source=estop:/planning/state_machine/estop state=platform_status_stale=35.23s,route_safety_hold=lanelet_footprint_cost
[INFO] [1785778646.534658009] [control.cmd_vel_safety_gate]: command authorization updated: source=estop:/planning/state_machine/estop state=platform_status_stale=35.43s,route_safety_hold=lanelet_footprint_cost
[INFO] [1785778646.734397980] [control.cmd_vel_safety_gate]: command authorization updated: source=estop:/planning/state_machine/estop state=platform_status_stale=35.63s,route_safety_hold=lanelet_footprint_cost
[INFO] [1785778646.934573674] [control.cmd_vel_safety_gate]: command authorization updated: source=estop:/planning/state_machine/estop state=platform_status_stale=35.83s,route_safety_hold=lanelet_footprint_cost
[INFO] [1785778647.134800165] [control.cmd_vel_safety_gate]: command authorization updated: source=estop:/planning/state_machine/estop state=platform_status_stale=36.03s,route_safety_hold=lanelet_footprint_cost
[INFO] [1785778647.334382482] [control.cmd_vel_safety_gate]: command authorization updated: source=estop:/planning/state_machine/estop state=platform_status_stale=36.23s,route_safety_hold=lanelet_footprint_cost
[INFO] [1785778647.534420281] [control.cmd_vel_safety_gate]: command authorization updated: source=estop:/planning/state_machine/estop state=platform_status_stale=36.43s,route_safety_hold=lanelet_footprint_cost
[INFO] [1785778647.734435292] [control.cmd_vel_safety_gate]: command authorization updated: source=estop:/planning/state_machine/estop state=platform_status_stale=36.63s,route_safety_hold=lanelet_footprint_cost
[INFO] [1785778647.934988692] [control.cmd_vel_safety_gate]: command authorization updated: source=estop:/planning/state_machine/estop state=platform_status_stale=36.83s,route_safety_hold=lanelet_footprint_cost
[INFO] [1785778648.134402850] [control.cmd_vel_safety_gate]: command authorization updated: source=estop:/planning/state_machine/estop state=platform_status_stale=37.03s,route_safety_hold=lanelet_footprint_cost
[INFO] [1785778648.334941886] [control.cmd_vel_safety_gate]: command authorization updated: source=estop:/planning/state_machine/estop state=platform_status_stale=37.23s,route_safety_hold=lanelet_footprint_cost
[INFO] [1785778648.534603782] [control.cmd_vel_safety_gate]: command authorization updated: source=estop:/planning/state_machine/estop state=platform_status_stale=37.43s,route_safety_hold=lanelet_footprint_cost
[INFO] [1785778648.734654838] [control.cmd_vel_safety_gate]: command authorization updated: source=estop:/planning/state_machine/estop state=platform_status_stale=37.63s,route_safety_hold=lanelet_footprint_cost
[INFO] [1785778648.934656705] [control.cmd_vel_safety_gate]: command authorization updated: source=estop:/planning/state_machine/estop state=platform_status_stale=37.83s,route_safety_hold=lanelet_footprint_cost
[INFO] [1785778649.134740035] [control.cmd_vel_safety_gate]: command authorization updated: source=estop:/planning/state_machine/estop state=platform_status_stale=38.03s,route_safety_hold=lanelet_footprint_cost
[INFO] [1785778649.334382121] [control.cmd_vel_safety_gate]: command authorization updated: source=estop:/planning/state_machine/estop state=platform_status_stale=38.23s,route_safety_hold=lanelet_footprint_cost
[INFO] [1785778649.534606386] [control.cmd_vel_safety_gate]: command authorization updated: source=estop:/planning/state_machine/estop state=platform_status_stale=38.43s,route_safety_hold=lanelet_footprint_cost
[INFO] [1785778649.734411971] [control.cmd_vel_safety_gate]: command authorization updated: source=estop:/planning/state_machine/estop state=platform_status_stale=38.63s,route_safety_hold=lanelet_footprint_cost
[INFO] [1785778649.934736443] [control.cmd_vel_safety_gate]: command authorization updated: source=estop:/planning/state_machine/estop state=platform_status_stale=38.83s,route_safety_hold=lanelet_footprint_cost
[INFO] [1785778650.134495194] [control.cmd_vel_safety_gate]: command authorization updated: source=estop:/planning/state_machine/estop state=platform_status_stale=39.03s,route_safety_hold=lanelet_footprint_cost
[INFO] [1785778650.334410330] [control.cmd_vel_safety_gate]: command authorization updated: source=estop:/planning/state_machine/estop state=platform_status_stale=39.23s,route_safety_hold=lanelet_footprint_cost
[INFO] [1785778650.535011172] [control.cmd_vel_safety_gate]: command authorization updated: source=estop:/planning/state_machine/estop state=platform_status_stale=39.43s,route_safety_hold=lanelet_footprint_cost
[INFO] [1785778650.734811145] [control.cmd_vel_safety_gate]: command authorization updated: source=estop:/planning/state_machine/estop state=platform_status_stale=39.63s,route_safety_hold=lanelet_footprint_cost
[INFO] [1785778650.934472817] [control.cmd_vel_safety_gate]: command authorization updated: source=estop:/planning/state_machine/estop state=platform_status_stale=39.83s,route_safety_hold=lanelet_footprint_cost
[INFO] [1785778651.134501331] [control.cmd_vel_safety_gate]: command authorization updated: source=estop:/planning/state_machine/estop state=platform_status_stale=40.03s,route_safety_hold=lanelet_footprint_cost
[INFO] [1785778651.335432152] [control.cmd_vel_safety_gate]: command authorization updated: source=estop:/planning/state_machine/estop state=platform_status_stale=40.23s,route_safety_hold=lanelet_footprint_cost
[INFO] [1785778651.535264531] [control.cmd_vel_safety_gate]: command authorization updated: source=estop:/planning/state_machine/estop state=platform_status_stale=40.43s,route_safety_hold=lanelet_footprint_cost
[INFO] [1785778651.734611668] [control.cmd_vel_safety_gate]: command authorization updated: source=estop:/planning/state_machine/estop state=platform_status_stale=40.63s,route_safety_hold=lanelet_footprint_cost
[INFO] [1785778651.934740468] [control.cmd_vel_safety_gate]: command authorization updated: source=estop:/planning/state_machine/estop state=platform_status_stale=40.83s,route_safety_hold=lanelet_footprint_cost
[INFO] [1785778652.134456871] [control.cmd_vel_safety_gate]: command authorization updated: source=estop:/planning/state_machine/estop state=platform_status_stale=41.03s,route_safety_hold=lanelet_footprint_cost
[INFO] [1785778652.334517519] [control.cmd_vel_safety_gate]: command authorization updated: source=estop:/planning/state_machine/estop state=platform_status_stale=41.23s,route_safety_hold=lanelet_footprint_cost
[INFO] [1785778652.534669519] [control.cmd_vel_safety_gate]: command authorization updated: source=estop:/planning/state_machine/estop state=platform_status_stale=41.43s,route_safety_hold=lanelet_footprint_cost
[INFO] [1785778652.734675496] [control.cmd_vel_safety_gate]: command authorization updated: source=estop:/planning/state_machine/estop state=platform_status_stale=41.63s,route_safety_hold=lanelet_footprint_cost
[INFO] [1785778652.934807515] [control.cmd_vel_safety_gate]: command authorization updated: source=estop:/planning/state_machine/estop state=platform_status_stale=41.83s,route_safety_hold=lanelet_footprint_cost
[INFO] [1785778653.134741847] [control.cmd_vel_safety_gate]: command authorization updated: source=estop:/planning/state_machine/estop state=platform_status_stale=42.03s,route_safety_hold=lanelet_footprint_cost
[INFO] [1785778653.334708292] [control.cmd_vel_safety_gate]: command authorization updated: source=estop:/planning/state_machine/estop state=platform_status_stale=42.23s,route_safety_hold=lanelet_footprint_cost
[INFO] [1785778653.534387882] [control.cmd_vel_safety_gate]: command authorization updated: source=estop:/planning/state_machine/estop state=platform_status_stale=42.43s,route_safety_hold=lanelet_footprint_cost
[INFO] [1785778653.734760213] [control.cmd_vel_safety_gate]: command authorization updated: source=estop:/planning/state_machine/estop state=platform_status_stale=42.63s,route_safety_hold=lanelet_footprint_cost
[INFO] [1785778653.934636017] [control.cmd_vel_safety_gate]: command authorization updated: source=estop:/planning/state_machine/estop state=platform_status_stale=42.83s,route_safety_hold=lanelet_footprint_cost
[INFO] [1785778654.134629439] [control.cmd_vel_safety_gate]: command authorization updated: source=estop:/planning/state_machine/estop state=platform_status_stale=43.03s,route_safety_hold=lanelet_footprint_cost
[INFO] [1785778654.334493259] [control.cmd_vel_safety_gate]: command authorization updated: source=estop:/planning/state_machine/estop state=platform_status_stale=43.23s,route_safety_hold=lanelet_footprint_cost
[INFO] [1785778654.534486483] [control.cmd_vel_safety_gate]: command authorization updated: source=estop:/planning/state_machine/estop state=platform_status_stale=43.43s,route_safety_hold=lanelet_footprint_cost
[INFO] [1785778654.734503306] [control.cmd_vel_safety_gate]: command authorization updated: source=estop:/planning/state_machine/estop state=platform_status_stale=43.63s,route_safety_hold=lanelet_footprint_cost
[INFO] [1785778654.934626870] [control.cmd_vel_safety_gate]: command authorization updated: source=estop:/planning/state_machine/estop state=platform_status_stale=43.83s,route_safety_hold=lanelet_footprint_cost
[INFO] [1785778655.134471909] [control.cmd_vel_safety_gate]: command authorization updated: source=estop:/planning/state_machine/estop state=platform_status_stale=44.03s,route_safety_hold=lanelet_footprint_cost
[INFO] [1785778655.334315377] [control.cmd_vel_safety_gate]: command authorization updated: source=estop:/planning/state_machine/estop state=platform_status_stale=44.23s,route_safety_hold=lanelet_footprint_cost
[INFO] [1785778655.534552410] [control.cmd_vel_safety_gate]: command authorization updated: source=estop:/planning/state_machine/estop state=platform_status_stale=44.43s,route_safety_hold=lanelet_footprint_cost
[INFO] [1785778655.734631643] [control.cmd_vel_safety_gate]: command authorization updated: source=estop:/planning/state_machine/estop state=platform_status_stale=44.63s,route_safety_hold=lanelet_footprint_cost
[INFO] [1785778655.934892997] [control.cmd_vel_safety_gate]: command authorization updated: source=estop:/planning/state_machine/estop state=platform_status_stale=44.83s,route_safety_hold=lanelet_footprint_cost
[INFO] [1785778656.134487038] [control.cmd_vel_safety_gate]: command authorization updated: source=estop:/planning/state_machine/estop state=platform_status_stale=45.03s,route_safety_hold=lanelet_footprint_cost
[INFO] [1785778656.335329411] [control.cmd_vel_safety_gate]: command authorization updated: source=estop:/planning/state_machine/estop state=platform_status_stale=45.23s,route_safety_hold=lanelet_footprint_cost
[INFO] [1785778656.534705734] [control.cmd_vel_safety_gate]: command authorization updated: source=estop:/planning/state_machine/estop state=platform_status_stale=45.43s,route_safety_hold=lanelet_footprint_cost
[INFO] [1785778656.734308526] [control.cmd_vel_safety_gate]: command authorization updated: source=estop:/planning/state_machine/estop state=platform_status_stale=45.63s,route_safety_hold=lanelet_footprint_cost
[INFO] [1785778656.934630594] [control.cmd_vel_safety_gate]: command authorization updated: source=estop:/planning/state_machine/estop state=platform_status_stale=45.83s,route_safety_hold=lanelet_footprint_cost
[INFO] [1785778657.134539200] [control.cmd_vel_safety_gate]: command authorization updated: source=estop:/planning/state_machine/estop state=platform_status_stale=46.03s,route_safety_hold=lanelet_footprint_cost
[INFO] [1785778657.334604168] [control.cmd_vel_safety_gate]: command authorization updated: source=estop:/planning/state_machine/estop state=platform_status_stale=46.23s,route_safety_hold=lanelet_footprint_cost
[INFO] [1785778657.534464785] [control.cmd_vel_safety_gate]: command authorization updated: source=estop:/planning/state_machine/estop state=platform_status_stale=46.43s,route_safety_hold=lanelet_footprint_cost
[INFO] [1785778657.734698107] [control.cmd_vel_safety_gate]: command authorization updated: source=estop:/planning/state_machine/estop state=platform_status_stale=46.63s,route_safety_hold=lanelet_footprint_cost
[INFO] [1785778657.934446026] [control.cmd_vel_safety_gate]: command authorization updated: source=estop:/planning/state_machine/estop state=platform_status_stale=46.83s,route_safety_hold=lanelet_footprint_cost
[INFO] [1785778658.134527858] [control.cmd_vel_safety_gate]: command authorization updated: source=estop:/planning/state_machine/estop state=platform_status_stale=47.03s,route_safety_hold=lanelet_footprint_cost
[INFO] [1785778658.335107180] [control.cmd_vel_safety_gate]: command authorization updated: source=estop:/planning/state_machine/estop state=platform_status_stale=47.23s,route_safety_hold=lanelet_footprint_cost
[INFO] [1785778658.534399007] [control.cmd_vel_safety_gate]: command authorization updated: source=estop:/planning/state_machine/estop state=platform_status_stale=47.43s,route_safety_hold=lanelet_footprint_cost
[INFO] [1785778658.734652537] [control.cmd_vel_safety_gate]: command authorization updated: source=estop:/planning/state_machine/estop state=platform_status_stale=47.63s,route_safety_hold=lanelet_footprint_cost
[INFO] [1785778658.934408988] [control.cmd_vel_safety_gate]: command authorization updated: source=estop:/planning/state_machine/estop state=platform_status_stale=47.83s,route_safety_hold=lanelet_footprint_cost
[INFO] [1785778659.134445547] [control.cmd_vel_safety_gate]: command authorization updated: source=estop:/planning/state_machine/estop state=platform_status_stale=48.03s,route_safety_hold=lanelet_footprint_cost
[INFO] [1785778659.334306886] [control.cmd_vel_safety_gate]: command authorization updated: source=estop:/planning/state_machine/estop state=platform_status_stale=48.23s,route_safety_hold=lanelet_footprint_cost
[INFO] [1785778659.534347960] [control.cmd_vel_safety_gate]: command authorization updated: source=estop:/planning/state_machine/estop state=platform_status_stale=48.43s,route_safety_hold=lanelet_footprint_cost
[INFO] [1785778659.734494721] [control.cmd_vel_safety_gate]: command authorization updated: source=estop:/planning/state_machine/estop state=platform_status_stale=48.63s,route_safety_hold=lanelet_footprint_cost
[INFO] [1785778659.934832295] [control.cmd_vel_safety_gate]: command authorization updated: source=estop:/planning/state_machine/estop state=platform_status_stale=48.83s,route_safety_hold=lanelet_footprint_cost
[INFO] [1785778660.134400636] [control.cmd_vel_safety_gate]: command authorization updated: source=estop:/planning/state_machine/estop state=platform_status_stale=49.03s,route_safety_hold=lanelet_footprint_cost
[INFO] [1785778660.334478327] [control.cmd_vel_safety_gate]: command authorization updated: source=estop:/planning/state_machine/estop state=platform_status_stale=49.23s,route_safety_hold=lanelet_footprint_cost
[INFO] [1785778660.535208476] [control.cmd_vel_safety_gate]: command authorization updated: source=estop:/planning/state_machine/estop state=platform_status_stale=49.43s,route_safety_hold=lanelet_footprint_cost
[INFO] [1785778660.734779631] [control.cmd_vel_safety_gate]: command authorization updated: source=estop:/planning/state_machine/estop state=platform_status_stale=49.63s,route_safety_hold=lanelet_footprint_cost
[INFO] [1785778660.934360382] [control.cmd_vel_safety_gate]: command authorization updated: source=estop:/planning/state_machine/estop state=platform_status_stale=49.83s,route_safety_hold=lanelet_footprint_cost
[INFO] [1785778661.134563667] [control.cmd_vel_safety_gate]: command authorization updated: source=estop:/planning/state_machine/estop state=platform_status_stale=50.03s,route_safety_hold=lanelet_footprint_cost
[INFO] [1785778661.334638967] [control.cmd_vel_safety_gate]: command authorization updated: source=estop:/planning/state_machine/estop state=platform_status_stale=50.23s,route_safety_hold=lanelet_footprint_cost
[INFO] [1785778661.534368056] [control.cmd_vel_safety_gate]: command authorization updated: source=estop:/planning/state_machine/estop state=platform_status_stale=50.43s,route_safety_hold=lanelet_footprint_cost
[INFO] [1785778661.734719573] [control.cmd_vel_safety_gate]: command authorization updated: source=estop:/planning/state_machine/estop state=platform_status_stale=50.63s,route_safety_hold=lanelet_footprint_cost
[INFO] [1785778661.934680097] [control.cmd_vel_safety_gate]: command authorization updated: source=estop:/planning/state_machine/estop state=platform_status_stale=50.83s,route_safety_hold=lanelet_footprint_cost
[INFO] [1785778662.134978100] [control.cmd_vel_safety_gate]: command authorization updated: source=estop:/planning/state_machine/estop state=platform_status_stale=51.03s,route_safety_hold=lanelet_footprint_cost
[INFO] [1785778662.334498369] [control.cmd_vel_safety_gate]: command authorization updated: source=estop:/planning/state_machine/estop state=platform_status_stale=51.23s,route_safety_hold=lanelet_footprint_cost
[INFO] [1785778662.534420948] [control.cmd_vel_safety_gate]: command authorization updated: source=estop:/planning/state_machine/estop state=platform_status_stale=51.43s,route_safety_hold=lanelet_footprint_cost
[INFO] [1785778662.734355337] [control.cmd_vel_safety_gate]: command authorization updated: source=estop:/planning/state_machine/estop state=platform_status_stale=51.63s,route_safety_hold=lanelet_footprint_cost
[INFO] [1785778662.934721348] [control.cmd_vel_safety_gate]: command authorization updated: source=estop:/planning/state_machine/estop state=platform_status_stale=51.83s,route_safety_hold=lanelet_footprint_cost
[INFO] [1785778663.134686246] [control.cmd_vel_safety_gate]: command authorization updated: source=estop:/planning/state_machine/estop state=platform_status_stale=52.03s,route_safety_hold=lanelet_footprint_cost
[INFO] [1785778663.334821873] [control.cmd_vel_safety_gate]: command authorization updated: source=estop:/planning/state_machine/estop state=platform_status_stale=52.23s,route_safety_hold=lanelet_footprint_cost
[INFO] [1785778663.534798079] [control.cmd_vel_safety_gate]: command authorization updated: source=estop:/planning/state_machine/estop state=platform_status_stale=52.43s,route_safety_hold=lanelet_footprint_cost
[INFO] [1785778663.734383962] [control.cmd_vel_safety_gate]: command authorization updated: source=estop:/planning/state_machine/estop state=platform_status_stale=52.63s,route_safety_hold=lanelet_footprint_cost
[INFO] [1785778663.934575810] [control.cmd_vel_safety_gate]: command authorization updated: source=estop:/planning/state_machine/estop state=platform_status_stale=52.83s,route_safety_hold=lanelet_footprint_cost
[INFO] [1785778664.083438425] [rclcpp]: signal_handler(SIGINT/SIGTERM)
