[INFO] [1785778396.729068342] [system.system_diagnostic]: system_diagnostic: diagnostic=diagnostics period=0.50s
[WARN] [1785778397.229446773] [system.system_diagnostic]: [SYSTEM] WARN
  WARN:
    - control: waiting for first diagnostic
    - hardware: waiting for first diagnostic
    - localization: waiting for first diagnostic
    - map: waiting for first diagnostic
    - parking: waiting for first diagnostic
    - perception: waiting for first diagnostic
    - planning: waiting for first diagnostic
    - platform: waiting for first diagnostic
    - sensing: waiting for first diagnostic
    - system: waiting for first diagnostic
[WARN] [1785778397.729534913] [system.system_diagnostic]: [SYSTEM] WARN
  WARN:
    - control: waiting for first diagnostic
    - map: waiting for first diagnostic
    - parking: waiting for first diagnostic
    - perception: waiting for first diagnostic
    - planning: waiting for first diagnostic
    - platform: waiting for first diagnostic
    - system: waiting for first diagnostic
[ERROR] [1785778398.729533653] [system.system_diagnostic]: [SYSTEM] ERROR
  ERROR:
    - sensing: publish rate critically low {component=lidar.cost_grid, location=derived_from_front_upper_center_lidar, frame=map, pose_verified=true, rate=0.0/10.0Hz, age=0.23s, topic=/sensing/cost_grid/lidar} [cost_grid_checker: /sensing/cost_grid/lidar]
    - map: No topic messages: /map/cost_grid/lanelet (map load failed or pose/path input missing) {topic=/map/cost_grid/lanelet} [map_cost_grid_checker: /map/cost_grid]
    - planning: no topic messages: /planning/global_costmap/costmap {topic=/planning/global_costmap/costmap} [planning_costmap_checker: /planning/global_costmap]
    - planning: /planning/bt_navigator - waiting for response [planning_lifecycle_checker: /planning/lifecycle/planning/bt_navigator]
  WARN:
    - map: module graph incomplete during startup grace [system_checker/map]
    - system: missing during startup grace [system_checker/nodes]
    - sensing: module graph incomplete during startup grace [system_checker/sensing]
[ERROR] [1785778399.729451163] [system.system_diagnostic]: [SYSTEM] ERROR
  ERROR:
    - map: No topic messages: /map/cost_grid/lanelet (map load failed or pose/path input missing) {topic=/map/cost_grid/lanelet} [map_cost_grid_checker: /map/cost_grid]
  WARN:
    - sensing: publish rate low {component=lidar.cost_grid, location=derived_from_front_upper_center_lidar, frame=map, pose_verified=true, rate=5.8/10.0Hz, age=0.02s, topic=/sensing/cost_grid/lidar} [cost_grid_checker: /sensing/cost_grid/lidar]
    - map: module graph incomplete during startup grace [system_checker/map]
    - system: missing during startup grace [system_checker/nodes]
[ERROR] [1785778400.729477077] [system.system_diagnostic]: [SYSTEM] ERROR
  ERROR:
    - map: No topic messages: /map/cost_grid/lanelet (map load failed or pose/path input missing) {topic=/map/cost_grid/lanelet} [map_cost_grid_checker: /map/cost_grid]
  WARN:
    - map: module graph incomplete during startup grace [system_checker/map]
    - system: missing during startup grace [system_checker/nodes]
[ERROR] [1785778405.729616067] [system.system_diagnostic]: [SYSTEM] ERROR
  ERROR:
    - map: No topic messages: /map/cost_grid/lanelet (map load failed or pose/path input missing) {topic=/map/cost_grid/lanelet} [map_cost_grid_checker: /map/cost_grid]
  WARN:
    - map: module graph incomplete during startup grace [system_checker/map]
    - system: missing during startup grace [system_checker/nodes]
[ERROR] [1785778410.729654453] [system.system_diagnostic]: [SYSTEM] ERROR
  ERROR:
    - map: No topic messages: /map/cost_grid/lanelet (map load failed or pose/path input missing) {topic=/map/cost_grid/lanelet} [map_cost_grid_checker: /map/cost_grid]
  WARN:
    - map: module graph incomplete during startup grace [system_checker/map]
    - system: missing during startup grace [system_checker/nodes]
[WARN] [1785778412.729672121] [system.system_diagnostic]: [SYSTEM] WARN
  WARN:
    - map: module graph incomplete during startup grace [system_checker/map]
    - system: missing during startup grace [system_checker/nodes]
[INFO] [1785778414.729844087] [system.system_diagnostic]: [SYSTEM] OK
  all modules healthy
[ERROR] [1785778507.731219913] [system.system_diagnostic]: [SYSTEM] ERROR
  ERROR:
    - sensing: No messages for 2.5s (timeout=2.0s) {component=lidar.filtered, location=front_upper_center, frame=lidar_link, mount_xyz_m=0.76336,0.00000,0.59538, mount_rpy_deg=0.0,0.0,0.0, pose_verified=true, age=2.46668s} [lidar_checker: /sensor/lidar/filtered]
    - perception: No messages for 2.4s (timeout=2.0s) {age=2.43254s} [perception_obstacle_checker: /perception/obstacles/fused_obstacles]
[INFO] [1785778510.731309252] [system.system_diagnostic]: [SYSTEM] OK
  all modules healthy
[WARN] [1785778518.731414607] [system.system_diagnostic]: [SYSTEM] WARN
  WARN:
    - localization: DR_ONLY - dead reckoning only (GNSS missing) {age=0.05s} [localization_mode_checker: /localization/mode]
[INFO] [1785778520.731421257] [system.system_diagnostic]: [SYSTEM] OK
  all modules healthy
[ERROR] [1785778552.731940976] [system.system_diagnostic]: [SYSTEM] ERROR
  ERROR:
    - control: phase=ERROR service_mode=roadside_stop return_published=False return_ack=False [control/camping_site_maneuver_controller]
[ERROR] [1785778557.732021384] [system.system_diagnostic]: [SYSTEM] ERROR
  ERROR:
    - control: phase=ERROR service_mode=roadside_stop return_published=False return_ack=False [control/camping_site_maneuver_controller]
[ERROR] [1785778562.732295845] [system.system_diagnostic]: [SYSTEM] ERROR
  ERROR:
    - control: phase=ERROR service_mode=roadside_stop return_published=False return_ack=False [control/camping_site_maneuver_controller]
[ERROR] [1785778567.732185615] [system.system_diagnostic]: [SYSTEM] ERROR
  ERROR:
    - control: phase=ERROR service_mode=roadside_stop return_published=False return_ack=False [control/camping_site_maneuver_controller]
[ERROR] [1785778572.732278072] [system.system_diagnostic]: [SYSTEM] ERROR
  ERROR:
    - control: phase=ERROR service_mode=roadside_stop return_published=False return_ack=False [control/camping_site_maneuver_controller]
[ERROR] [1785778577.732360015] [system.system_diagnostic]: [SYSTEM] ERROR
  ERROR:
    - control: phase=ERROR service_mode=roadside_stop return_published=False return_ack=False [control/camping_site_maneuver_controller]
[ERROR] [1785778582.732434118] [system.system_diagnostic]: [SYSTEM] ERROR
  ERROR:
    - control: phase=ERROR service_mode=roadside_stop return_published=False return_ack=False [control/camping_site_maneuver_controller]
[ERROR] [1785778587.732487168] [system.system_diagnostic]: [SYSTEM] ERROR
  ERROR:
    - control: phase=ERROR service_mode=roadside_stop return_published=False return_ack=False [control/camping_site_maneuver_controller]
[ERROR] [1785778592.732583897] [system.system_diagnostic]: [SYSTEM] ERROR
  ERROR:
    - control: phase=ERROR service_mode=roadside_stop return_published=False return_ack=False [control/camping_site_maneuver_controller]
[ERROR] [1785778597.732608816] [system.system_diagnostic]: [SYSTEM] ERROR
  ERROR:
    - control: phase=ERROR service_mode=roadside_stop return_published=False return_ack=False [control/camping_site_maneuver_controller]
[ERROR] [1785778602.732712957] [system.system_diagnostic]: [SYSTEM] ERROR
  ERROR:
    - control: phase=ERROR service_mode=roadside_stop return_published=False return_ack=False [control/camping_site_maneuver_controller]
[ERROR] [1785778607.732831403] [system.system_diagnostic]: [SYSTEM] ERROR
  ERROR:
    - control: phase=ERROR service_mode=roadside_stop return_published=False return_ack=False [control/camping_site_maneuver_controller]
[ERROR] [1785778612.732855103] [system.system_diagnostic]: [SYSTEM] ERROR
  ERROR:
    - control: phase=ERROR service_mode=roadside_stop return_published=False return_ack=False [control/camping_site_maneuver_controller]
[ERROR] [1785778617.733005187] [system.system_diagnostic]: [SYSTEM] ERROR
  ERROR:
    - control: phase=ERROR service_mode=roadside_stop return_published=False return_ack=False [control/camping_site_maneuver_controller]
[ERROR] [1785778622.733106791] [system.system_diagnostic]: [SYSTEM] ERROR
  ERROR:
    - control: phase=ERROR service_mode=roadside_stop return_published=False return_ack=False [control/camping_site_maneuver_controller]
[ERROR] [1785778627.733123785] [system.system_diagnostic]: [SYSTEM] ERROR
  ERROR:
    - control: phase=ERROR service_mode=roadside_stop return_published=False return_ack=False [control/camping_site_maneuver_controller]
[ERROR] [1785778632.733228301] [system.system_diagnostic]: [SYSTEM] ERROR
  ERROR:
    - control: phase=ERROR service_mode=roadside_stop return_published=False return_ack=False [control/camping_site_maneuver_controller]
[ERROR] [1785778637.733428670] [system.system_diagnostic]: [SYSTEM] ERROR
  ERROR:
    - control: phase=ERROR service_mode=roadside_stop return_published=False return_ack=False [control/camping_site_maneuver_controller]
[ERROR] [1785778642.733375891] [system.system_diagnostic]: [SYSTEM] ERROR
  ERROR:
    - control: phase=ERROR service_mode=roadside_stop return_published=False return_ack=False [control/camping_site_maneuver_controller]
[ERROR] [1785778647.733414939] [system.system_diagnostic]: [SYSTEM] ERROR
  ERROR:
    - control: phase=ERROR service_mode=roadside_stop return_published=False return_ack=False [control/camping_site_maneuver_controller]
[ERROR] [1785778652.733522696] [system.system_diagnostic]: [SYSTEM] ERROR
  ERROR:
    - control: phase=ERROR service_mode=roadside_stop return_published=False return_ack=False [control/camping_site_maneuver_controller]
[ERROR] [1785778657.733603086] [system.system_diagnostic]: [SYSTEM] ERROR
  ERROR:
    - control: phase=ERROR service_mode=roadside_stop return_published=False return_ack=False [control/camping_site_maneuver_controller]
[ERROR] [1785778662.733658329] [system.system_diagnostic]: [SYSTEM] ERROR
  ERROR:
    - control: phase=ERROR service_mode=roadside_stop return_published=False return_ack=False [control/camping_site_maneuver_controller]
[INFO] [1785778664.081309479] [rclcpp]: signal_handler(SIGINT/SIGTERM)
