[INFO] [1785779083.089037411] [system.system_diagnostic]: system_diagnostic: diagnostic=diagnostics period=0.50s
[WARN] [1785779083.589433130] [system.system_diagnostic]: [SYSTEM] WARN
  WARN:
    - control: waiting for first diagnostic
    - hardware: waiting for first diagnostic
    - localization: waiting for first diagnostic
    - map: waiting for first diagnostic
    - parking: waiting for first diagnostic
    - perception: waiting for first diagnostic
    - planning: waiting for first diagnostic
    - platform: waiting for first diagnostic
    - sensing: waiting for first diagnostic
    - system: waiting for first diagnostic
[WARN] [1785779084.089365896] [system.system_diagnostic]: [SYSTEM] WARN
  WARN:
    - map: waiting for first diagnostic
    - parking: waiting for first diagnostic
    - platform: waiting for first diagnostic
    - system: waiting for first diagnostic
[ERROR] [1785779085.089461779] [system.system_diagnostic]: [SYSTEM] ERROR
  ERROR:
    - sensing: publish rate critically low {component=lidar.cost_grid, location=derived_from_front_upper_center_lidar, frame=map, pose_verified=true, rate=0.0/10.0Hz, age=0.59s, topic=/sensing/cost_grid/lidar} [cost_grid_checker: /sensing/cost_grid/lidar]
    - map: No topic messages: /map/cost_grid/lanelet (map load failed or pose/path input missing) {topic=/map/cost_grid/lanelet} [map_cost_grid_checker: /map/cost_grid]
    - planning: no topic messages: /planning/global_costmap/costmap {topic=/planning/global_costmap/costmap} [planning_costmap_checker: /planning/global_costmap]
  WARN:
    - map: module graph incomplete during startup grace [system_checker/map]
    - system: missing during startup grace [system_checker/nodes]
[ERROR] [1785779086.089481441] [system.system_diagnostic]: [SYSTEM] ERROR
  ERROR:
    - map: No topic messages: /map/cost_grid/lanelet (map load failed or pose/path input missing) {topic=/map/cost_grid/lanelet} [map_cost_grid_checker: /map/cost_grid]
  WARN:
    - sensing: publish rate low {component=lidar.cost_grid, location=derived_from_front_upper_center_lidar, frame=map, pose_verified=true, rate=4.7/10.0Hz, age=0.10s, topic=/sensing/cost_grid/lidar} [cost_grid_checker: /sensing/cost_grid/lidar]
    - map: module graph incomplete during startup grace [system_checker/map]
    - system: missing during startup grace [system_checker/nodes]
[ERROR] [1785779087.089577881] [system.system_diagnostic]: [SYSTEM] ERROR
  ERROR:
    - map: No topic messages: /map/cost_grid/lanelet (map load failed or pose/path input missing) {topic=/map/cost_grid/lanelet} [map_cost_grid_checker: /map/cost_grid]
  WARN:
    - map: module graph incomplete during startup grace [system_checker/map]
    - system: missing during startup grace [system_checker/nodes]
[ERROR] [1785779092.089637920] [system.system_diagnostic]: [SYSTEM] ERROR
  ERROR:
    - map: No topic messages: /map/cost_grid/lanelet (map load failed or pose/path input missing) {topic=/map/cost_grid/lanelet} [map_cost_grid_checker: /map/cost_grid]
  WARN:
    - map: module graph incomplete during startup grace [system_checker/map]
    - system: missing during startup grace [system_checker/nodes]
[ERROR] [1785779097.589600618] [system.system_diagnostic]: [SYSTEM] ERROR
  ERROR:
    - map: No topic messages: /map/cost_grid/lanelet (map load failed or pose/path input missing) {topic=/map/cost_grid/lanelet} [map_cost_grid_checker: /map/cost_grid]
  WARN:
    - map: module graph incomplete during startup grace [system_checker/map]
    - system: missing during startup grace [system_checker/nodes]
[WARN] [1785779099.089711249] [system.system_diagnostic]: [SYSTEM] WARN
  WARN:
    - map: module graph incomplete during startup grace [system_checker/map]
    - system: missing during startup grace [system_checker/nodes]
[INFO] [1785779100.089924448] [system.system_diagnostic]: [SYSTEM] OK
  all modules healthy
[ERROR] [1785779125.090132241] [system.system_diagnostic]: [SYSTEM] ERROR
  ERROR:
    - sensing: No messages for 2.5s (timeout=2.0s) {component=lidar.filtered, location=front_upper_center, frame=lidar_link, mount_xyz_m=0.76336,0.00000,0.59538, mount_rpy_deg=0.0,0.0,0.0, pose_verified=true, age=2.47315s} [lidar_checker: /sensor/lidar/filtered]
    - perception: No messages for 2.7s (timeout=2.0s) {age=2.68375s} [perception_obstacle_checker: /perception/obstacles/fused_obstacles]
[INFO] [1785779128.090123993] [system.system_diagnostic]: [SYSTEM] OK
  all modules healthy
[WARN] [1785779137.090591978] [system.system_diagnostic]: [SYSTEM] WARN
  WARN:
    - localization: DR_ONLY - dead reckoning only (GNSS missing) {age=0.01s} [localization_mode_checker: /localization/mode]
[INFO] [1785779138.090350984] [system.system_diagnostic]: [SYSTEM] OK
  all modules healthy
[ERROR] [1785779167.090726683] [system.system_diagnostic]: [SYSTEM] ERROR
  ERROR:
    - control: phase=ERROR service_mode=turnaround return_published=False return_ack=False [control/camping_site_maneuver_controller]
[ERROR] [1785779172.090798438] [system.system_diagnostic]: [SYSTEM] ERROR
  ERROR:
    - control: phase=ERROR service_mode=turnaround return_published=False return_ack=False [control/camping_site_maneuver_controller]
[ERROR] [1785779177.090908093] [system.system_diagnostic]: [SYSTEM] ERROR
  ERROR:
    - control: phase=ERROR service_mode=turnaround return_published=False return_ack=False [control/camping_site_maneuver_controller]
[ERROR] [1785779182.090990321] [system.system_diagnostic]: [SYSTEM] ERROR
  ERROR:
    - control: phase=ERROR service_mode=turnaround return_published=False return_ack=False [control/camping_site_maneuver_controller]
[ERROR] [1785779187.091124928] [system.system_diagnostic]: [SYSTEM] ERROR
  ERROR:
    - control: phase=ERROR service_mode=turnaround return_published=False return_ack=False [control/camping_site_maneuver_controller]
[ERROR] [1785779192.091142418] [system.system_diagnostic]: [SYSTEM] ERROR
  ERROR:
    - control: phase=ERROR service_mode=turnaround return_published=False return_ack=False [control/camping_site_maneuver_controller]
[ERROR] [1785779197.091242097] [system.system_diagnostic]: [SYSTEM] ERROR
  ERROR:
    - control: phase=ERROR service_mode=turnaround return_published=False return_ack=False [control/camping_site_maneuver_controller]
[ERROR] [1785779202.091343750] [system.system_diagnostic]: [SYSTEM] ERROR
  ERROR:
    - control: phase=ERROR service_mode=turnaround return_published=False return_ack=False [control/camping_site_maneuver_controller]
[ERROR] [1785779207.091482947] [system.system_diagnostic]: [SYSTEM] ERROR
  ERROR:
    - control: phase=ERROR service_mode=turnaround return_published=False return_ack=False [control/camping_site_maneuver_controller]
[ERROR] [1785779212.091458461] [system.system_diagnostic]: [SYSTEM] ERROR
  ERROR:
    - control: phase=ERROR service_mode=turnaround return_published=False return_ack=False [control/camping_site_maneuver_controller]
[ERROR] [1785779217.091602495] [system.system_diagnostic]: [SYSTEM] ERROR
  ERROR:
    - control: phase=ERROR service_mode=turnaround return_published=False return_ack=False [control/camping_site_maneuver_controller]
[ERROR] [1785779222.091617503] [system.system_diagnostic]: [SYSTEM] ERROR
  ERROR:
    - control: phase=ERROR service_mode=turnaround return_published=False return_ack=False [control/camping_site_maneuver_controller]
[ERROR] [1785779227.091723484] [system.system_diagnostic]: [SYSTEM] ERROR
  ERROR:
    - control: phase=ERROR service_mode=turnaround return_published=False return_ack=False [control/camping_site_maneuver_controller]
[ERROR] [1785779232.091815444] [system.system_diagnostic]: [SYSTEM] ERROR
  ERROR:
    - control: phase=ERROR service_mode=turnaround return_published=False return_ack=False [control/camping_site_maneuver_controller]
[ERROR] [1785779237.091863517] [system.system_diagnostic]: [SYSTEM] ERROR
  ERROR:
    - control: phase=ERROR service_mode=turnaround return_published=False return_ack=False [control/camping_site_maneuver_controller]
[ERROR] [1785779242.092064170] [system.system_diagnostic]: [SYSTEM] ERROR
  ERROR:
    - control: phase=ERROR service_mode=turnaround return_published=False return_ack=False [control/camping_site_maneuver_controller]
[ERROR] [1785779247.092047106] [system.system_diagnostic]: [SYSTEM] ERROR
  ERROR:
    - control: phase=ERROR service_mode=turnaround return_published=False return_ack=False [control/camping_site_maneuver_controller]
[ERROR] [1785779252.092091178] [system.system_diagnostic]: [SYSTEM] ERROR
  ERROR:
    - control: phase=ERROR service_mode=turnaround return_published=False return_ack=False [control/camping_site_maneuver_controller]
[ERROR] [1785779257.092309993] [system.system_diagnostic]: [SYSTEM] ERROR
  ERROR:
    - control: phase=ERROR service_mode=turnaround return_published=False return_ack=False [control/camping_site_maneuver_controller]
[ERROR] [1785779262.092306797] [system.system_diagnostic]: [SYSTEM] ERROR
  ERROR:
    - control: phase=ERROR service_mode=turnaround return_published=False return_ack=False [control/camping_site_maneuver_controller]
[ERROR] [1785779267.092416893] [system.system_diagnostic]: [SYSTEM] ERROR
  ERROR:
    - control: phase=ERROR service_mode=turnaround return_published=False return_ack=False [control/camping_site_maneuver_controller]
[ERROR] [1785779272.092458274] [system.system_diagnostic]: [SYSTEM] ERROR
  ERROR:
    - control: phase=ERROR service_mode=turnaround return_published=False return_ack=False [control/camping_site_maneuver_controller]
[ERROR] [1785779277.092522341] [system.system_diagnostic]: [SYSTEM] ERROR
  ERROR:
    - control: phase=ERROR service_mode=turnaround return_published=False return_ack=False [control/camping_site_maneuver_controller]
[ERROR] [1785779282.092567971] [system.system_diagnostic]: [SYSTEM] ERROR
  ERROR:
    - control: phase=ERROR service_mode=turnaround return_published=False return_ack=False [control/camping_site_maneuver_controller]
[ERROR] [1785779287.092639869] [system.system_diagnostic]: [SYSTEM] ERROR
  ERROR:
    - control: phase=ERROR service_mode=turnaround return_published=False return_ack=False [control/camping_site_maneuver_controller]
[ERROR] [1785779292.092757319] [system.system_diagnostic]: [SYSTEM] ERROR
  ERROR:
    - control: phase=ERROR service_mode=turnaround return_published=False return_ack=False [control/camping_site_maneuver_controller]
[ERROR] [1785779297.092835247] [system.system_diagnostic]: [SYSTEM] ERROR
  ERROR:
    - control: phase=ERROR service_mode=turnaround return_published=False return_ack=False [control/camping_site_maneuver_controller]
[ERROR] [1785779302.092953910] [system.system_diagnostic]: [SYSTEM] ERROR
  ERROR:
    - control: phase=ERROR service_mode=turnaround return_published=False return_ack=False [control/camping_site_maneuver_controller]
[ERROR] [1785779307.092974949] [system.system_diagnostic]: [SYSTEM] ERROR
  ERROR:
    - control: phase=ERROR service_mode=turnaround return_published=False return_ack=False [control/camping_site_maneuver_controller]
[ERROR] [1785779312.093049316] [system.system_diagnostic]: [SYSTEM] ERROR
  ERROR:
    - control: phase=ERROR service_mode=turnaround return_published=False return_ack=False [control/camping_site_maneuver_controller]
[ERROR] [1785779317.093122696] [system.system_diagnostic]: [SYSTEM] ERROR
  ERROR:
    - control: phase=ERROR service_mode=turnaround return_published=False return_ack=False [control/camping_site_maneuver_controller]
[ERROR] [1785779322.093290566] [system.system_diagnostic]: [SYSTEM] ERROR
  ERROR:
    - control: phase=ERROR service_mode=turnaround return_published=False return_ack=False [control/camping_site_maneuver_controller]
[ERROR] [1785779327.093262804] [system.system_diagnostic]: [SYSTEM] ERROR
  ERROR:
    - control: phase=ERROR service_mode=turnaround return_published=False return_ack=False [control/camping_site_maneuver_controller]
[ERROR] [1785779332.093391095] [system.system_diagnostic]: [SYSTEM] ERROR
  ERROR:
    - control: phase=ERROR service_mode=turnaround return_published=False return_ack=False [control/camping_site_maneuver_controller]
[ERROR] [1785779337.093484543] [system.system_diagnostic]: [SYSTEM] ERROR
  ERROR:
    - control: phase=ERROR service_mode=turnaround return_published=False return_ack=False [control/camping_site_maneuver_controller]
[ERROR] [1785779342.093507848] [system.system_diagnostic]: [SYSTEM] ERROR
  ERROR:
    - control: phase=ERROR service_mode=turnaround return_published=False return_ack=False [control/camping_site_maneuver_controller]
[ERROR] [1785779347.093694748] [system.system_diagnostic]: [SYSTEM] ERROR
  ERROR:
    - control: phase=ERROR service_mode=turnaround return_published=False return_ack=False [control/camping_site_maneuver_controller]
[ERROR] [1785779352.093703073] [system.system_diagnostic]: [SYSTEM] ERROR
  ERROR:
    - control: phase=ERROR service_mode=turnaround return_published=False return_ack=False [control/camping_site_maneuver_controller]
[ERROR] [1785779357.093925263] [system.system_diagnostic]: [SYSTEM] ERROR
  ERROR:
    - control: phase=ERROR service_mode=turnaround return_published=False return_ack=False [control/camping_site_maneuver_controller]
[ERROR] [1785779362.093919292] [system.system_diagnostic]: [SYSTEM] ERROR
  ERROR:
    - control: phase=ERROR service_mode=turnaround return_published=False return_ack=False [control/camping_site_maneuver_controller]
[ERROR] [1785779367.093969308] [system.system_diagnostic]: [SYSTEM] ERROR
  ERROR:
    - control: phase=ERROR service_mode=turnaround return_published=False return_ack=False [control/camping_site_maneuver_controller]
[ERROR] [1785779372.094008980] [system.system_diagnostic]: [SYSTEM] ERROR
  ERROR:
    - control: phase=ERROR service_mode=turnaround return_published=False return_ack=False [control/camping_site_maneuver_controller]
[ERROR] [1785779377.094209551] [system.system_diagnostic]: [SYSTEM] ERROR
  ERROR:
    - control: phase=ERROR service_mode=turnaround return_published=False return_ack=False [control/camping_site_maneuver_controller]
[ERROR] [1785779382.094296353] [system.system_diagnostic]: [SYSTEM] ERROR
  ERROR:
    - control: phase=ERROR service_mode=turnaround return_published=False return_ack=False [control/camping_site_maneuver_controller]
[ERROR] [1785779387.094220894] [system.system_diagnostic]: [SYSTEM] ERROR
  ERROR:
    - control: phase=ERROR service_mode=turnaround return_published=False return_ack=False [control/camping_site_maneuver_controller]
[INFO] [1785779387.682144139] [rclcpp]: signal_handler(SIGINT/SIGTERM)
